Archive member included to satisfy reference by file (symbol)

/Users/npmac/Documents/GitHub/CC2025/makerWorkshopTest/build/core/core.a(SERCOM.cpp.o)
                              /Users/npmac/Documents/GitHub/CC2025/makerWorkshopTest/build/core/variant.cpp.o (SERCOM::SERCOM(Sercom*))
/Users/npmac/Documents/GitHub/CC2025/makerWorkshopTest/build/core/core.a(Uart.cpp.o)
                              /Users/npmac/Documents/GitHub/CC2025/makerWorkshopTest/build/core/variant.cpp.o (Uart::Uart(SERCOM*, unsigned char, unsigned char, SercomRXPad, SercomUartTXPad, unsigned char, unsigned char))
/Users/npmac/Documents/GitHub/CC2025/makerWorkshopTest/build/core/core.a(Print.cpp.o)
                              /Users/npmac/Documents/GitHub/CC2025/makerWorkshopTest/build/core/core.a(Uart.cpp.o) (arduino::Print::write(unsigned char const*, unsigned int))
/Users/npmac/Documents/GitHub/CC2025/makerWorkshopTest/build/core/core.a(cortex_handlers.c.o)
                              (Reset_Handler)
/Users/npmac/Documents/GitHub/CC2025/makerWorkshopTest/build/core/core.a(delay.c.o)
                              /Users/npmac/Documents/GitHub/CC2025/makerWorkshopTest/build/core/core.a(cortex_handlers.c.o) (SysTick_DefaultHandler)
/Users/npmac/Documents/GitHub/CC2025/makerWorkshopTest/build/core/core.a(hooks.c.o)
                              /Users/npmac/Documents/GitHub/CC2025/makerWorkshopTest/build/core/core.a(delay.c.o) (yield)
/Users/npmac/Documents/GitHub/CC2025/makerWorkshopTest/build/core/core.a(main.cpp.o)
                              /Users/npmac/Library/Arduino15/packages/arduino/tools/arm-none-eabi-gcc/7-2017q4/bin/../lib/gcc/arm-none-eabi/7.2.1/../../../../arm-none-eabi/lib/thumb/v6-m/crt0.o (main)
/Users/npmac/Documents/GitHub/CC2025/makerWorkshopTest/build/core/core.a(startup.c.o)
                              /Users/npmac/Documents/GitHub/CC2025/makerWorkshopTest/build/core/core.a(cortex_handlers.c.o) (SystemInit)
/Users/npmac/Documents/GitHub/CC2025/makerWorkshopTest/build/core/core.a(wiring.c.o)
                              /Users/npmac/Documents/GitHub/CC2025/makerWorkshopTest/build/core/core.a(main.cpp.o) (init)
/Users/npmac/Documents/GitHub/CC2025/makerWorkshopTest/build/core/core.a(wiring_analog.c.o)
                              /Users/npmac/Documents/GitHub/CC2025/makerWorkshopTest/build/core/core.a(wiring.c.o) (analogReference)
/Users/npmac/Documents/GitHub/CC2025/makerWorkshopTest/build/core/core.a(wiring_digital.c.o)
                              /Users/npmac/Documents/GitHub/CC2025/makerWorkshopTest/build/core/variant.cpp.o (pinMode)
/Users/npmac/Documents/GitHub/CC2025/makerWorkshopTest/build/core/core.a(wiring_private.c.o)
                              /Users/npmac/Documents/GitHub/CC2025/makerWorkshopTest/build/core/core.a(Uart.cpp.o) (pinPeripheral)
/Users/npmac/Documents/GitHub/CC2025/makerWorkshopTest/build/core/core.a(Reset.cpp.o)
                              /Users/npmac/Documents/GitHub/CC2025/makerWorkshopTest/build/core/core.a(delay.c.o) (tickReset)
/Users/npmac/Documents/GitHub/CC2025/makerWorkshopTest/build/core/core.a(USBCore.cpp.o)
                              /Users/npmac/Documents/GitHub/CC2025/makerWorkshopTest/build/core/core.a(main.cpp.o) (USBDeviceClass::attach())
/Users/npmac/Documents/GitHub/CC2025/makerWorkshopTest/build/core/core.a(abi.cpp.o)
                              /Users/npmac/Documents/GitHub/CC2025/makerWorkshopTest/build/core/core.a(Print.cpp.o) (__cxa_pure_virtual)
/Users/npmac/Documents/GitHub/CC2025/makerWorkshopTest/build/core/core.a(PluggableUSB.cpp.o)
                              /Users/npmac/Documents/GitHub/CC2025/makerWorkshopTest/build/core/core.a(USBCore.cpp.o) (arduino::PluggableUSB_::getInterface(unsigned char*))
/Users/npmac/Documents/GitHub/CC2025/makerWorkshopTest/build/core/core.a(new.cpp.o)
                              /Users/npmac/Documents/GitHub/CC2025/makerWorkshopTest/build/core/core.a(USBCore.cpp.o) (operator new(unsigned int))
/Users/npmac/Documents/GitHub/CC2025/makerWorkshopTest/build/core/core.a(CDC.cpp.o)
                              /Users/npmac/Documents/GitHub/CC2025/makerWorkshopTest/build/core/core.a(USBCore.cpp.o) (Serial_::begin(unsigned long))
/Users/npmac/Library/Arduino15/packages/arduino/tools/arm-none-eabi-gcc/7-2017q4/bin/../lib/gcc/arm-none-eabi/7.2.1/thumb/v6-m/libgcc.a(_thumb1_case_uqi.o)
                              /Users/npmac/Documents/GitHub/CC2025/makerWorkshopTest/build/core/core.a(wiring_analog.c.o) (__gnu_thumb1_case_uqi)
/Users/npmac/Library/Arduino15/packages/arduino/tools/arm-none-eabi-gcc/7-2017q4/bin/../lib/gcc/arm-none-eabi/7.2.1/thumb/v6-m/libgcc.a(_udivsi3.o)
                              /Users/npmac/Documents/GitHub/CC2025/makerWorkshopTest/build/core/core.a(SERCOM.cpp.o) (__aeabi_uidiv)
/Users/npmac/Library/Arduino15/packages/arduino/tools/arm-none-eabi-gcc/7-2017q4/bin/../lib/gcc/arm-none-eabi/7.2.1/thumb/v6-m/libgcc.a(_divsi3.o)
[...]
Memory Configuration

Name             Origin             Length             Attributes
FLASH            0x0000000000002000 0x000000000003e000 xr
RAM              0x0000000020000000 0x0000000000008000 xrw
*default*        0x0000000000000000 0xffffffffffffffff

Linker script and memory map

LOAD /Users/npmac/Library/Arduino15/packages/arduino/tools/arm-none-eabi-gcc/7-2017q4/bin/../lib/gcc/arm-none-eabi/7.2.1/thumb/v6-m/crti.o
LOAD /Users/npmac/Library/Arduino15/packages/arduino/tools/arm-none-eabi-gcc/7-2017q4/bin/../lib/gcc/arm-none-eabi/7.2.1/thumb/v6-m/crtbegin.o
LOAD /Users/npmac/Library/Arduino15/packages/arduino/tools/arm-none-eabi-gcc/7-2017q4/bin/../lib/gcc/arm-none-eabi/7.2.1/../../../../arm-none-eabi/lib/thumb/v6-m/crt0.o
LOAD /Users/npmac/Documents/GitHub/CC2025/makerWorkshopTest/build/sketch/makerWorkshopTest.ino.cpp.o
LOAD /Users/npmac/Documents/GitHub/CC2025/makerWorkshopTest/build/core/variant.cpp.o
START GROUP
LOAD /Users/npmac/Library/Arduino15/packages/arduino/tools/CMSIS/4.5.0/CMSIS/Lib/GCC//libarm_cortexM0l_math.a
LOAD /Users/npmac/Documents/GitHub/CC2025/makerWorkshopTest/build/core/core.a
END GROUP
LOAD /Users/npmac/Library/Arduino15/packages/arduino/tools/arm-none-eabi-gcc/7-2017q4/bin/../lib/gcc/arm-none-eabi/7.2.1/../../../../arm-none-eabi/lib/thumb/v6-m/libstdc++_nano.a
LOAD /Users/npmac/Library/Arduino15/packages/arduino/tools/arm-none-eabi-gcc/7-2017q4/bin/../lib/gcc/arm-none-eabi/7.2.1/../../../../arm-none-eabi/lib/thumb/v6-m/libm.a
START GROUP
LOAD /Users/npmac/Library/Arduino15/packages/arduino/tools/arm-none-eabi-gcc/7-2017q4/bin/../lib/gcc/arm-none-eabi/7.2.1/thumb/v6-m/libgcc.a
LOAD /Users/npmac/Library/Arduino15/packages/arduino/tools/arm-none-eabi-gcc/7-2017q4/bin/../lib/gcc/arm-none-eabi/7.2.1/../../../../arm-none-eabi/lib/thumb/v6-m/libc_nano.a
END GROUP
START GROUP
LOAD /Users/npmac/Library/Arduino15/packages/arduino/tools/arm-none-eabi-gcc/7-2017q4/bin/../lib/gcc/arm-none-eabi/7.2.1/thumb/v6-m/libgcc.a
LOAD /Users/npmac/Library/Arduino15/packages/arduino/tools/arm-none-eabi-gcc/7-2017q4/bin/../lib/gcc/arm-none-eabi/7.2.1/../../../../arm-none-eabi/lib/thumb/v6-m/libc_nano.a
LOAD /Users/npmac/Library/Arduino15/packages/arduino/tools/arm-none-eabi-gcc/7-2017q4/bin/../lib/gcc/arm-none-eabi/7.2.1/../../../../arm-none-eabi/lib/thumb/v6-m/libnosys.a
END GROUP
START GROUP
LOAD /Users/npmac/Library/Arduino15/packages/arduino/tools/arm-none-eabi-gcc/7-2017q4/bin/../lib/gcc/arm-none-eabi/7.2.1/thumb/v6-m/libgcc.a
LOAD /Users/npmac/Library/Arduino15/packages/arduino/tools/arm-none-eabi-gcc/7-2017q4/bin/../lib/gcc/arm-none-eabi/7.2.1/../../../../arm-none-eabi/lib/thumb/v6-m/libc_nano.a
LOAD /Users/npmac/Library/Arduino15/packages/arduino/tools/arm-none-eabi-gcc/7-2017q4/bin/../lib/gcc/arm-none-eabi/7.2.1/../../../../arm-none-eabi/lib/thumb/v6-m/libnosys.a
END GROUP
LOAD /Users/npmac/Library/Arduino15/packages/arduino/tools/arm-none-eabi-gcc/7-2017q4/bin/../lib/gcc/arm-none-eabi/7.2.1/thumb/v6-m/crtend.o
LOAD /Users/npmac/Library/Arduino15/packages/arduino/tools/arm-none-eabi-gcc/7-2017q4/bin/../lib/gcc/arm-none-eabi/7.2.1/thumb/v6-m/crtn.o

.text           0x0000000000002000     0x2c0c
                0x0000000000002000                __text_start__ = .
 *(.sketch_boot)
                0x0000000000002000                . = ALIGN (0x2000)
 *(.isr_vector)
 .isr_vector    0x0000000000002000       0xb4 /Users/npmac/Documents/GitHub/CC2025/makerWorkshopTest/build/core/core.a(cortex_handlers.c.o)
                0x0000000000002000                exception_table
 *(.text*)
 .text          0x00000000000020b4       0x48 /Users/npmac/Library/Arduino15/packages/arduino/tools/arm-none-eabi-gcc/7-2017q4/bin/../lib/gcc/arm-none-eabi/7.2.1/thumb/v6-m/crtbegin.o
 .text.setup    0x00000000000020fc        0x2 /Users/npmac/Documents/GitHub/CC2025/makerWorkshopTest/build/sketch/makerWorkshopTest.ino.cpp.o
                0x00000000000020fc                setup
 .text.loop     0x00000000000020fe        0x2 /Users/npmac/Documents/GitHub/CC2025/makerWorkshopTest/build/sketch/makerWorkshopTest.ino.cpp.o
                0x00000000000020fe                loop
 .text.initVariant
                0x0000000000002100       0x24 /Users/npmac/Documents/GitHub/CC2025/makerWorkshopTest/build/core/variant.cpp.o
                0x0000000000002100                initVariant
 .text.SERCOM5_Handler
                0x0000000000002124       0x10 /Users/npmac/Documents/GitHub/CC2025/makerWorkshopTest/build/core/variant.cpp.o
                0x0000000000002124                SERCOM5_Handler
 .text.SERCOM3_Handler
                0x0000000000002134       0x10 /Users/npmac/Documents/GitHub/CC2025/makerWorkshopTest/build/core/variant.cpp.o
                0x0000000000002134                SERCOM3_Handler
 .text.SERCOM2_Handler
                0x0000000000002144       0x10 /Users/npmac/Documents/GitHub/CC2025/makerWorkshopTest/build/core/variant.cpp.o
                0x0000000000002144                SERCOM2_Handler
 .text.startup._GLOBAL__sub_I_g_APinDescription
                0x0000000000002154       0xbc /Users/npmac/Documents/GitHub/CC2025/makerWorkshopTest/build/core/variant.cpp.o
 .text._ZN6SERCOMC2EP6Sercom
                0x0000000000002210        0x8 /Users/npmac/Documents/GitHub/CC2025/makerWorkshopTest/build/core/core.a(SERCOM.cpp.o)
                0x0000000000002210                SERCOM::SERCOM(Sercom*)
                0x0000000000002210                SERCOM::SERCOM(Sercom*)
 .text._ZN6SERCOM9initFrameE18SercomUartCharSize15SercomDataOrder16SercomParityMode19SercomNumberStopBit
                0x0000000000002218       0x3a /Users/npmac/Documents/GitHub/CC2025/makerWorkshopTest/build/core/core.a(SERCOM.cpp.o)
                0x0000000000002218                SERCOM::initFrame(SercomUartCharSize, SercomDataOrder, SercomParityMode, SercomNumberStopBit)
 .text._ZN6SERCOM8initPadsE15SercomUartTXPad11SercomRXPad
                0x0000000000002252       0x26 /Users/npmac/Documents/GitHub/CC2025/makerWorkshopTest/build/core/core.a(SERCOM.cpp.o)
                0x0000000000002252                SERCOM::initPads(SercomUartTXPad, SercomRXPad)
 .text._ZN6SERCOM9resetUARTEv
                0x0000000000002278       0x1a /Users/npmac/Documents/GitHub/CC2025/makerWorkshopTest/build/core/core.a(SERCOM.cpp.o)
                0x0000000000002278                SERCOM::resetUART()
 .text._ZN6SERCOM10enableUARTEv
                0x0000000000002292       0x14 /Users/npmac/Documents/GitHub/CC2025/makerWorkshopTest/build/core/core.a(SERCOM.cpp.o)
                0x0000000000002292                SERCOM::enableUART()
 .text._ZN6SERCOM9flushUARTEv
                0x00000000000022a6       0x14 /Users/npmac/Documents/GitHub/CC2025/makerWorkshopTest/build/core/core.a(SERCOM.cpp.o)
                0x00000000000022a6                SERCOM::flushUART()
 .text._ZN6SERCOM15clearStatusUARTEv
                0x00000000000022ba        0x8 /Users/npmac/Documents/GitHub/CC2025/makerWorkshopTest/build/core/core.a(SERCOM.cpp.o)
                0x00000000000022ba                SERCOM::clearStatusUART()
 .text._ZN6SERCOM17availableDataUARTEv
                0x00000000000022c2        0xa /Users/npmac/Documents/GitHub/CC2025/makerWorkshopTest/build/core/core.a(SERCOM.cpp.o)
                0x00000000000022c2                SERCOM::availableDataUART()
 .text._ZN6SERCOM11isUARTErrorEv
                0x00000000000022cc        0x8 /Users/npmac/Documents/GitHub/CC2025/makerWorkshopTest/build/core/core.a(SERCOM.cpp.o)
                0x00000000000022cc                SERCOM::isUARTError()
 .text._ZN6SERCOM20acknowledgeUARTErrorEv
                0x00000000000022d4        0xe /Users/npmac/Documents/GitHub/CC2025/makerWorkshopTest/build/core/core.a(SERCOM.cpp.o)
                0x00000000000022d4                SERCOM::acknowledgeUARTError()
 .text._ZN6SERCOM16isFrameErrorUARTEv
                0x00000000000022e2        0xa /Users/npmac/Documents/GitHub/CC2025/makerWorkshopTest/build/core/core.a(SERCOM.cpp.o)
                0x00000000000022e2                SERCOM::isFrameErrorUART()
 .text._ZN6SERCOM19clearFrameErrorUARTEv
                0x00000000000022ec        0xc /Users/npmac/Documents/GitHub/CC2025/makerWorkshopTest/build/core/core.a(SERCOM.cpp.o)
                0x00000000000022ec                SERCOM::clearFrameErrorUART()
 .text._ZN6SERCOM23isDataRegisterEmptyUARTEv
                0x00000000000022f8        0xa /Users/npmac/Documents/GitHub/CC2025/makerWorkshopTest/build/core/core.a(SERCOM.cpp.o)
                0x00000000000022f8                SERCOM::isDataRegisterEmptyUART()
 .text._ZN6SERCOM12readDataUARTEv
                0x0000000000002302        0x8 /Users/npmac/Documents/GitHub/CC2025/makerWorkshopTest/build/core/core.a(SERCOM.cpp.o)
                0x0000000000002302                SERCOM::readDataUART()
 .text._ZN6SERCOM13writeDataUARTEh
                0x000000000000230a       0x14 /Users/npmac/Documents/GitHub/CC2025/makerWorkshopTest/build/core/core.a(SERCOM.cpp.o)
                0x000000000000230a                SERCOM::writeDataUART(unsigned char)
 .text._ZN6SERCOM36enableDataRegisterEmptyInterruptUARTEv
                0x000000000000231e        0x8 /Users/npmac/Documents/GitHub/CC2025/makerWorkshopTest/build/core/core.a(SERCOM.cpp.o)
                0x000000000000231e                SERCOM::enableDataRegisterEmptyInterruptUART()
 .text._ZN6SERCOM37disableDataRegisterEmptyInterruptUARTEv
                0x0000000000002326        0x8 /Users/npmac/Documents/GitHub/CC2025/makerWorkshopTest/build/core/core.a(SERCOM.cpp.o)
                0x0000000000002326                SERCOM::disableDataRegisterEmptyInterruptUART()
 *fill*         0x000000000000232e        0x2 
 .text._ZN6SERCOM13initClockNVICEv
                0x0000000000002330       0xa8 /Users/npmac/Documents/GitHub/CC2025/makerWorkshopTest/build/core/core.a(SERCOM.cpp.o)
                0x0000000000002330                SERCOM::initClockNVIC()
 .text._ZN6SERCOM8initUARTE14SercomUartMode20SercomUartSampleRatem
                0x00000000000023d8       0x6c /Users/npmac/Documents/GitHub/CC2025/makerWorkshopTest/build/core/core.a(SERCOM.cpp.o)
                0x00000000000023d8                SERCOM::initUART(SercomUartMode, SercomUartSampleRate, unsigned long)
 .text._ZN4UartcvbEv
                0x0000000000002444        0x4 /Users/npmac/Documents/GitHub/CC2025/makerWorkshopTest/build/core/core.a(Uart.cpp.o)
                0x0000000000002444                Uart::operator bool()
 .text._ZN4Uart5beginEm
                0x0000000000002448       0x10 /Users/npmac/Documents/GitHub/CC2025/makerWorkshopTest/build/core/core.a(Uart.cpp.o)
                0x0000000000002448                Uart::begin(unsigned long)
 .text._ZN4Uart9availableEv
                0x0000000000002458        0x6 /Users/npmac/Documents/GitHub/CC2025/makerWorkshopTest/build/core/core.a(Uart.cpp.o)
                0x0000000000002458                Uart::available()
 .text._ZN4Uart17availableForWriteEv
                0x000000000000245e       0x10 /Users/npmac/Documents/GitHub/CC2025/makerWorkshopTest/build/core/core.a(Uart.cpp.o)
                0x000000000000245e                Uart::availableForWrite()
 .text._ZN4Uart4peekEv
                0x000000000000246e       0x18 /Users/npmac/Documents/GitHub/CC2025/makerWorkshopTest/build/core/core.a(Uart.cpp.o)
                0x000000000000246e                Uart::peek()
 .text._ZN4Uart3endEv
                0x0000000000002486       0x24 /Users/npmac/Documents/GitHub/CC2025/makerWorkshopTest/build/core/core.a(Uart.cpp.o)
                0x0000000000002486                Uart::end()
 .text._ZN4Uart5flushEv
                0x00000000000024aa       0x16 /Users/npmac/Documents/GitHub/CC2025/makerWorkshopTest/build/core/core.a(Uart.cpp.o)
                0x00000000000024aa                Uart::flush()
 .text._ZN7__GuardD2Ev
                0x00000000000024c0        0xe /Users/npmac/Documents/GitHub/CC2025/makerWorkshopTest/build/core/core.a(Uart.cpp.o)
                0x00000000000024c0                __Guard::~__Guard()
                0x00000000000024c0                __Guard::~__Guard()
 .text._ZN4Uart16extractNbStopBitEt
                0x00000000000024ce        0xc /Users/npmac/Documents/GitHub/CC2025/makerWorkshopTest/build/core/core.a(Uart.cpp.o)
                0x00000000000024ce                Uart::extractNbStopBit(unsigned short)
 .text._ZN4Uart15extractCharSizeEt
                0x00000000000024da       0x28 /Users/npmac/Documents/GitHub/CC2025/makerWorkshopTest/build/core/core.a(Uart.cpp.o)
                0x00000000000024da                Uart::extractCharSize(unsigned short)
 .text._ZN4Uart13extractParityEt
                0x0000000000002502       0x14 /Users/npmac/Documents/GitHub/CC2025/makerWorkshopTest/build/core/core.a(Uart.cpp.o)
                0x0000000000002502                Uart::extractParity(unsigned short)
 *fill*         0x0000000000002516        0x2 
 .text._ZN4Uart5beginEmt
                0x0000000000002518       0xf8 /Users/npmac/Documents/GitHub/CC2025/makerWorkshopTest/build/core/core.a(Uart.cpp.o)
                0x0000000000002518                Uart::begin(unsigned long, unsigned short)
 .text._ZN7arduino11RingBufferNILi256EEC2Ev
                0x0000000000002610       0x1e /Users/npmac/Documents/GitHub/CC2025/makerWorkshopTest/build/core/core.a(Uart.cpp.o)
                0x0000000000002610                arduino::RingBufferN<256>::RingBufferN()
                0x0000000000002610                arduino::RingBufferN<256>::RingBufferN()
 *fill*         0x000000000000262e        0x2 
 .text._ZN4UartC2EP6SERCOMhh11SercomRXPad15SercomUartTXPadhh
                0x0000000000002630       0x88 /Users/npmac/Documents/GitHub/CC2025/makerWorkshopTest/build/core/core.a(Uart.cpp.o)
                0x0000000000002630                Uart::Uart(SERCOM*, unsigned char, unsigned char, SercomRXPad, SercomUartTXPad, unsigned char, unsigned char)
                0x0000000000002630                Uart::Uart(SERCOM*, unsigned char, unsigned char, SercomRXPad, SercomUartTXPad, unsigned char, unsigned char)
 .text._ZN4UartC2EP6SERCOMhh11SercomRXPad15SercomUartTXPad
                0x00000000000026b8       0x74 /Users/npmac/Documents/GitHub/CC2025/makerWorkshopTest/build/core/core.a(Uart.cpp.o)
                0x00000000000026b8                Uart::Uart(SERCOM*, unsigned char, unsigned char, SercomRXPad, SercomUartTXPad)
                0x00000000000026b8                Uart::Uart(SERCOM*, unsigned char, unsigned char, SercomRXPad, SercomUartTXPad)
 .text._ZN7arduino15SafeRingBufferNILi256EE10store_charEh
                0x000000000000272c       0x4a /Users/npmac/Documents/GitHub/CC2025/makerWorkshopTest/build/core/core.a(Uart.cpp.o)
                0x000000000000272c                arduino::SafeRingBufferN<256>::store_char(unsigned char)
 .text._ZN7arduino15SafeRingBufferNILi256EE9read_charEv
                0x0000000000002776       0x50 /Users/npmac/Documents/GitHub/CC2025/makerWorkshopTest/build/core/core.a(Uart.cpp.o)
                0x0000000000002776                arduino::SafeRingBufferN<256>::read_char()
 .text._ZN4Uart10IrqHandlerEv
                0x00000000000027c6       0xa4 /Users/npmac/Documents/GitHub/CC2025/makerWorkshopTest/build/core/core.a(Uart.cpp.o)
                0x00000000000027c6                Uart::IrqHandler()
 *fill*         0x000000000000286a        0x2 
 .text._ZN4Uart5writeEh
                0x000000000000286c       0x9c /Users/npmac/Documents/GitHub/CC2025/makerWorkshopTest/build/core/core.a(Uart.cpp.o)
                0x000000000000286c                Uart::write(unsigned char)
 .text._ZN4Uart4readEv
                0x0000000000002908       0x34 /Users/npmac/Documents/GitHub/CC2025/makerWorkshopTest/build/core/core.a(Uart.cpp.o)
                0x0000000000002908                Uart::read()
 .text._ZN7arduino5Print5writeEPKhj
                0x000000000000293c       0x28 /Users/npmac/Documents/GitHub/CC2025/makerWorkshopTest/build/core/core.a(Print.cpp.o)
                0x000000000000293c                arduino::Print::write(unsigned char const*, unsigned int)
 .text.Dummy_Handler
                0x0000000000002964        0x2 /Users/npmac/Documents/GitHub/CC2025/makerWorkshopTest/build/core/core.a(cortex_handlers.c.o)
                0x0000000000002964                SYSCTRL_Handler
                0x0000000000002964                HardFault_Handler
                0x0000000000002964                AC_Handler
                0x0000000000002964                PendSV_Handler
                0x0000000000002964                NMI_Handler
                0x0000000000002964                TC7_Handler
                0x0000000000002964                SERCOM1_Handler
                0x0000000000002964                ADC_Handler
                0x0000000000002964                TCC1_Handler
                0x0000000000002964                TCC0_Handler
                0x0000000000002964                RTC_Handler
                0x0000000000002964                EIC_Handler
                0x0000000000002964                TC6_Handler
                0x0000000000002964                WDT_Handler
                0x0000000000002964                TC4_Handler
                0x0000000000002964                TC3_Handler
                0x0000000000002964                Dummy_Handler
                0x0000000000002964                PM_Handler
                0x0000000000002964                SVC_Handler
                0x0000000000002964                TCC2_Handler
                0x0000000000002964                EVSYS_Handler
                0x0000000000002964                SERCOM4_Handler
                0x0000000000002964                I2S_Handler
                0x0000000000002964                NVMCTRL_Handler
                0x0000000000002964                SERCOM0_Handler
                0x0000000000002964                DAC_Handler
                0x0000000000002964                PTC_Handler
                0x0000000000002964                DMAC_Handler
 *fill*         0x0000000000002966        0x2 
 .text.USB_Handler
                0x0000000000002968       0x14 /Users/npmac/Documents/GitHub/CC2025/makerWorkshopTest/build/core/core.a(cortex_handlers.c.o)
                0x0000000000002968                USB_Handler
 .text.Reset_Handler
                0x000000000000297c       0x54 /Users/npmac/Documents/GitHub/CC2025/makerWorkshopTest/build/core/core.a(cortex_handlers.c.o)
                0x000000000000297c                Reset_Handler
 .text.SysTick_Handler
                0x00000000000029d0       0x10 /Users/npmac/Documents/GitHub/CC2025/makerWorkshopTest/build/core/core.a(cortex_handlers.c.o)
                0x00000000000029d0                SysTick_Handler
 .text.USB_SetHandler
                0x00000000000029e0        0xc /Users/npmac/Documents/GitHub/CC2025/makerWorkshopTest/build/core/core.a(cortex_handlers.c.o)
                0x00000000000029e0                USB_SetHandler
 .text.millis   0x00000000000029ec        0xc /Users/npmac/Documents/GitHub/CC2025/makerWorkshopTest/build/core/core.a(delay.c.o)
                0x00000000000029ec                millis
 .text.micros   0x00000000000029f8       0x60 /Users/npmac/Documents/GitHub/CC2025/makerWorkshopTest/build/core/core.a(delay.c.o)
                0x00000000000029f8                micros
 .text.delay    0x0000000000002a58       0x30 /Users/npmac/Documents/GitHub/CC2025/makerWorkshopTest/build/core/core.a(delay.c.o)
                0x0000000000002a58                delay
 .text.resetExternalChip
                0x0000000000002a88        0x2 /Users/npmac/Documents/GitHub/CC2025/makerWorkshopTest/build/core/core.a(delay.c.o)
                0x0000000000002a88                resetExternalChip
 *fill*         0x0000000000002a8a        0x2 
 .text.SysTick_DefaultHandler
                0x0000000000002a8c       0x14 /Users/npmac/Documents/GitHub/CC2025/makerWorkshopTest/build/core/core.a(delay.c.o)
                0x0000000000002a8c                SysTick_DefaultHandler
 .text.__empty  0x0000000000002aa0        0x2 /Users/npmac/Documents/GitHub/CC2025/makerWorkshopTest/build/core/core.a(hooks.c.o)
                0x0000000000002aa0                yield
 .text.__false  0x0000000000002aa2        0x4 /Users/npmac/Documents/GitHub/CC2025/makerWorkshopTest/build/core/core.a(hooks.c.o)
                0x0000000000002aa2                sysTickHook
 *fill*         0x0000000000002aa6        0x2 
 .text.startup.main
                0x0000000000002aa8       0x40 /Users/npmac/Documents/GitHub/CC2025/makerWorkshopTest/build/core/core.a(main.cpp.o)
                0x0000000000002aa8                main
 .text.SystemInit
                0x0000000000002ae8      0x194 /Users/npmac/Documents/GitHub/CC2025/makerWorkshopTest/build/core/core.a(startup.c.o)
                0x0000000000002ae8                SystemInit
 .text.init     0x0000000000002c7c       0xf0 /Users/npmac/Documents/GitHub/CC2025/makerWorkshopTest/build/core/core.a(wiring.c.o)
                0x0000000000002c7c                init
 .text.analogReference
                0x0000000000002d6c       0x64 /Users/npmac/Documents/GitHub/CC2025/makerWorkshopTest/build/core/core.a(wiring_analog.c.o)
                0x0000000000002d6c                analogReference
 .text.pinMode  0x0000000000002dd0       0x98 /Users/npmac/Documents/GitHub/CC2025/makerWorkshopTest/build/core/core.a(wiring_digital.c.o)
                0x0000000000002dd0                pinMode
 .text.digitalWrite
                0x0000000000002e68       0x58 /Users/npmac/Documents/GitHub/CC2025/makerWorkshopTest/build/core/core.a(wiring_digital.c.o)
                0x0000000000002e68                digitalWrite
 .text.pinPeripheral
                0x0000000000002ec0       0xc0 /Users/npmac/Documents/GitHub/CC2025/makerWorkshopTest/build/core/core.a(wiring_private.c.o)
                0x0000000000002ec0                pinPeripheral
 .text.initiateReset
                0x0000000000002f80       0x14 /Users/npmac/Documents/GitHub/CC2025/makerWorkshopTest/build/core/core.a(Reset.cpp.o)
                0x0000000000002f80                initiateReset
 .text.cancelReset
                0x0000000000002f94       0x10 /Users/npmac/Documents/GitHub/CC2025/makerWorkshopTest/build/core/core.a(Reset.cpp.o)
                0x0000000000002f94                cancelReset
 .text.tickReset
                0x0000000000002fa4       0x78 /Users/npmac/Documents/GitHub/CC2025/makerWorkshopTest/build/core/core.a(Reset.cpp.o)
                0x0000000000002fa4                tickReset
 .text._ZN26DoubleBufferedEPOutHandlerD2Ev
                0x000000000000301c        0x2 /Users/npmac/Documents/GitHub/CC2025/makerWorkshopTest/build/core/core.a(USBCore.cpp.o)
                0x000000000000301c                DoubleBufferedEPOutHandler::~DoubleBufferedEPOutHandler()
                0x000000000000301c                DoubleBufferedEPOutHandler::~DoubleBufferedEPOutHandler()
 .text._ZN26DoubleBufferedEPOutHandlerD0Ev
                0x000000000000301e        0xc /Users/npmac/Documents/GitHub/CC2025/makerWorkshopTest/build/core/core.a(USBCore.cpp.o)
                0x000000000000301e                DoubleBufferedEPOutHandler::~DoubleBufferedEPOutHandler()
 *fill*         0x000000000000302a        0x2 
 .text._ZN14USBDeviceClass6initEPEmm.part.7
                0x000000000000302c       0xc4 /Users/npmac/Documents/GitHub/CC2025/makerWorkshopTest/build/core/core.a(USBCore.cpp.o)
 .text._ZN7__GuardC2Ev
                0x00000000000030f0        0xe /Users/npmac/Documents/GitHub/CC2025/makerWorkshopTest/build/core/core.a(USBCore.cpp.o)
                0x00000000000030f0                __Guard::__Guard()
                0x00000000000030f0                __Guard::__Guard()
 .text._ZNK26DoubleBufferedEPOutHandler10_availableEv
                0x00000000000030fe       0x70 /Users/npmac/Documents/GitHub/CC2025/makerWorkshopTest/build/core/core.a(USBCore.cpp.o)
                0x00000000000030fe                DoubleBufferedEPOutHandler::_available() const
 *fill*         0x000000000000316e        0x2 
 .text._ZN26DoubleBufferedEPOutHandler7releaseEv
                0x0000000000003170       0x38 /Users/npmac/Documents/GitHub/CC2025/makerWorkshopTest/build/core/core.a(USBCore.cpp.o)
                0x0000000000003170                DoubleBufferedEPOutHandler::release()
 .text._ZN26DoubleBufferedEPOutHandler14handleEndpointEv
                0x00000000000031a8       0xe2 /Users/npmac/Documents/GitHub/CC2025/makerWorkshopTest/build/core/core.a(USBCore.cpp.o)
                0x00000000000031a8                DoubleBufferedEPOutHandler::handleEndpoint()
 .text._ZN14USBDeviceClass14SendInterfacesEPm
                0x000000000000328a       0x20 /Users/npmac/Documents/GitHub/CC2025/makerWorkshopTest/build/core/core.a(USBCore.cpp.o)
                0x000000000000328a                USBDeviceClass::SendInterfaces(unsigned long*)
 *fill*         0x00000000000032aa        0x2 
 .text._ZN14USBDeviceClass6attachEv
                0x00000000000032ac       0x34 /Users/npmac/Documents/GitHub/CC2025/makerWorkshopTest/build/core/core.a(USBCore.cpp.o)
                0x00000000000032ac                USBDeviceClass::attach()
 .text._ZN14USBDeviceClass10setAddressEm
                0x00000000000032e0       0x48 /Users/npmac/Documents/GitHub/CC2025/makerWorkshopTest/build/core/core.a(USBCore.cpp.o)
                0x00000000000032e0                USBDeviceClass::setAddress(unsigned long)
 .text._ZN14USBDeviceClass25handleClassInterfaceSetupERN7arduino8USBSetupE
                0x0000000000003328       0x24 /Users/npmac/Documents/GitHub/CC2025/makerWorkshopTest/build/core/core.a(USBCore.cpp.o)
                0x0000000000003328                USBDeviceClass::handleClassInterfaceSetup(arduino::USBSetup&)
 .text._ZN14USBDeviceClass6initEPEmm
                0x000000000000334c      0x10c /Users/npmac/Documents/GitHub/CC2025/makerWorkshopTest/build/core/core.a(USBCore.cpp.o)
                0x000000000000334c                USBDeviceClass::initEP(unsigned long, unsigned long)
 .text._ZN14USBDeviceClass13initEndpointsEv
                0x0000000000003458       0x24 /Users/npmac/Documents/GitHub/CC2025/makerWorkshopTest/build/core/core.a(USBCore.cpp.o)
                0x0000000000003458                USBDeviceClass::initEndpoints()
 .text._ZN14USBDeviceClass5clearEm
                0x000000000000347c       0x38 /Users/npmac/Documents/GitHub/CC2025/makerWorkshopTest/build/core/core.a(USBCore.cpp.o)
                0x000000000000347c                USBDeviceClass::clear(unsigned long)
 .text._ZN14USBDeviceClass9availableEm
                0x00000000000034b4       0x2c /Users/npmac/Documents/GitHub/CC2025/makerWorkshopTest/build/core/core.a(USBCore.cpp.o)
                0x00000000000034b4                USBDeviceClass::available(unsigned long)
 .text._ZN14USBDeviceClass5flushEm
                0x00000000000034e0       0x2c /Users/npmac/Documents/GitHub/CC2025/makerWorkshopTest/build/core/core.a(USBCore.cpp.o)
                0x00000000000034e0                USBDeviceClass::flush(unsigned long)
 .text._ZN14USBDeviceClass4recvEmPvm
                0x000000000000350c       0xc0 /Users/npmac/Documents/GitHub/CC2025/makerWorkshopTest/build/core/core.a(USBCore.cpp.o)
                0x000000000000350c                USBDeviceClass::recv(unsigned long, void*, unsigned long)
 .text._ZN14USBDeviceClass4recvEm
                0x00000000000035cc       0x1c /Users/npmac/Documents/GitHub/CC2025/makerWorkshopTest/build/core/core.a(USBCore.cpp.o)
                0x00000000000035cc                USBDeviceClass::recv(unsigned long)
 .text._ZN14USBDeviceClass14armRecvCtrlOUTEm
                0x00000000000035e8       0x5c /Users/npmac/Documents/GitHub/CC2025/makerWorkshopTest/build/core/core.a(USBCore.cpp.o)
                0x00000000000035e8                USBDeviceClass::armRecvCtrlOUT(unsigned long)
 .text._ZN14USBDeviceClass11recvControlEPvm
                0x0000000000003644       0x28 /Users/npmac/Documents/GitHub/CC2025/makerWorkshopTest/build/core/core.a(USBCore.cpp.o)
                0x0000000000003644                USBDeviceClass::recvControl(void*, unsigned long)
 .text._ZN14USBDeviceClass4sendEmPKvm
                0x000000000000366c      0x10c /Users/npmac/Documents/GitHub/CC2025/makerWorkshopTest/build/core/core.a(USBCore.cpp.o)
                0x000000000000366c                USBDeviceClass::send(unsigned long, void const*, unsigned long)
 .text._ZN14USBDeviceClass7armSendEmPKvm
                0x0000000000003778       0x48 /Users/npmac/Documents/GitHub/CC2025/makerWorkshopTest/build/core/core.a(USBCore.cpp.o)
                0x0000000000003778                USBDeviceClass::armSend(unsigned long, void const*, unsigned long)
 .text._ZN14USBDeviceClass11sendControlEPKvm
                0x00000000000037c0       0x54 /Users/npmac/Documents/GitHub/CC2025/makerWorkshopTest/build/core/core.a(USBCore.cpp.o)
                0x00000000000037c0                USBDeviceClass::sendControl(void const*, unsigned long)
 .text._ZN14USBDeviceClass20sendStringDescriptorEPKhm
                0x0000000000003814       0x64 /Users/npmac/Documents/GitHub/CC2025/makerWorkshopTest/build/core/core.a(USBCore.cpp.o)
                0x0000000000003814                USBDeviceClass::sendStringDescriptor(unsigned char const*, unsigned long)
 .text._ZN14USBDeviceClass17sendConfigurationEm
                0x0000000000003878       0x80 /Users/npmac/Documents/GitHub/CC2025/makerWorkshopTest/build/core/core.a(USBCore.cpp.o)
                0x0000000000003878                USBDeviceClass::sendConfiguration(unsigned long)
 .text._ZN14USBDeviceClass14sendDescriptorERN7arduino8USBSetupE
                0x00000000000038f8       0xd8 /Users/npmac/Documents/GitHub/CC2025/makerWorkshopTest/build/core/core.a(USBCore.cpp.o)
                0x00000000000038f8                USBDeviceClass::sendDescriptor(arduino::USBSetup&)
 .text._ZN14USBDeviceClass7sendZlpEm
                0x00000000000039d0       0x18 /Users/npmac/Documents/GitHub/CC2025/makerWorkshopTest/build/core/core.a(USBCore.cpp.o)
                0x00000000000039d0                USBDeviceClass::sendZlp(unsigned long)
 .text._ZN14USBDeviceClass19handleStandardSetupERN7arduino8USBSetupE
                0x00000000000039e8       0xf0 /Users/npmac/Documents/GitHub/CC2025/makerWorkshopTest/build/core/core.a(USBCore.cpp.o)
                0x00000000000039e8                USBDeviceClass::handleStandardSetup(arduino::USBSetup&)
 .text._ZN14USBDeviceClass10ISRHandlerEv
                0x0000000000003ad8      0x108 /Users/npmac/Documents/GitHub/CC2025/makerWorkshopTest/build/core/core.a(USBCore.cpp.o)
                0x0000000000003ad8                USBDeviceClass::ISRHandler()
 .text.UDD_Handler
                0x0000000000003be0       0x10 /Users/npmac/Documents/GitHub/CC2025/makerWorkshopTest/build/core/core.a(USBCore.cpp.o)
                0x0000000000003be0                UDD_Handler
 .text._ZN7arduino13PluggableUSB_C2Ev
                0x0000000000003bf0       0x10 /Users/npmac/Documents/GitHub/CC2025/makerWorkshopTest/build/core/core.a(USBCore.cpp.o)
                0x0000000000003bf0                arduino::PluggableUSB_::PluggableUSB_()
                0x0000000000003bf0                arduino::PluggableUSB_::PluggableUSB_()
 .text._Z8epBufferj
                0x0000000000003c00        0xc /Users/npmac/Documents/GitHub/CC2025/makerWorkshopTest/build/core/core.a(USBCore.cpp.o)
                0x0000000000003c00                epBuffer(unsigned int)
 .text._ZN7arduino11RingBufferNILi64EE10store_charEh
                0x0000000000003c0c       0x1c /Users/npmac/Documents/GitHub/CC2025/makerWorkshopTest/build/core/core.a(USBCore.cpp.o)
                0x0000000000003c0c                arduino::RingBufferN<64>::store_char(unsigned char)
 .text._ZN26DoubleBufferedEPOutHandler5_recvEv
                0x0000000000003c28      0x15e /Users/npmac/Documents/GitHub/CC2025/makerWorkshopTest/build/core/core.a(USBCore.cpp.o)
                0x0000000000003c28                DoubleBufferedEPOutHandler::_recv()
 .text._ZN26DoubleBufferedEPOutHandler9availableEv
                0x0000000000003d86        0xc /Users/npmac/Documents/GitHub/CC2025/makerWorkshopTest/build/core/core.a(USBCore.cpp.o)
                0x0000000000003d86                DoubleBufferedEPOutHandler::available()
 .text._ZN26DoubleBufferedEPOutHandler4peekEv
                0x0000000000003d92       0x1c /Users/npmac/Documents/GitHub/CC2025/makerWorkshopTest/build/core/core.a(USBCore.cpp.o)
                0x0000000000003d92                DoubleBufferedEPOutHandler::peek()
 .text._ZN26DoubleBufferedEPOutHandler4recvEPvm
                0x0000000000003dae       0x60 /Users/npmac/Documents/GitHub/CC2025/makerWorkshopTest/build/core/core.a(USBCore.cpp.o)
                0x0000000000003dae                DoubleBufferedEPOutHandler::recv(void*, unsigned long)
 *fill*         0x0000000000003e0e        0x2 
 .text.startup._GLOBAL__sub_I_usbd
                0x0000000000003e10       0x10 /Users/npmac/Documents/GitHub/CC2025/makerWorkshopTest/build/core/core.a(USBCore.cpp.o)
 .text._ZN14USBDeviceClass4initEv
                0x0000000000003e20      0x15c /Users/npmac/Documents/GitHub/CC2025/makerWorkshopTest/build/core/core.a(USBCore.cpp.o)
                0x0000000000003e20                USBDeviceClass::init()
 .text._ZN7arduino13PluggableUSB_12getInterfaceEPh
                0x0000000000003f7c       0x28 /Users/npmac/Documents/GitHub/CC2025/makerWorkshopTest/build/core/core.a(PluggableUSB.cpp.o)
                0x0000000000003f7c                arduino::PluggableUSB_::getInterface(unsigned char*)
 .text._ZN7arduino13PluggableUSB_13getDescriptorERNS_8USBSetupE
                0x0000000000003fa4       0x20 /Users/npmac/Documents/GitHub/CC2025/makerWorkshopTest/build/core/core.a(PluggableUSB.cpp.o)
                0x0000000000003fa4                arduino::PluggableUSB_::getDescriptor(arduino::USBSetup&)
 .text._ZN7arduino13PluggableUSB_12getShortNameEPc
                0x0000000000003fc4       0x1e /Users/npmac/Documents/GitHub/CC2025/makerWorkshopTest/build/core/core.a(PluggableUSB.cpp.o)
                0x0000000000003fc4                arduino::PluggableUSB_::getShortName(char*)
 .text._ZN7arduino13PluggableUSB_5setupERNS_8USBSetupE
                0x0000000000003fe2       0x20 /Users/npmac/Documents/GitHub/CC2025/makerWorkshopTest/build/core/core.a(PluggableUSB.cpp.o)
                0x0000000000003fe2                arduino::PluggableUSB_::setup(arduino::USBSetup&)
 .text._ZN7arduino13PluggableUSB_4plugEPNS_18PluggableUSBModuleE
                0x0000000000004002       0x5c /Users/npmac/Documents/GitHub/CC2025/makerWorkshopTest/build/core/core.a(PluggableUSB.cpp.o)
                0x0000000000004002                arduino::PluggableUSB_::plug(arduino::PluggableUSBModule*)
 *fill*         0x000000000000405e        0x2 
 .text._Z12PluggableUSBv
                0x0000000000004060       0x24 /Users/npmac/Documents/GitHub/CC2025/makerWorkshopTest/build/core/core.a(PluggableUSB.cpp.o)
                0x0000000000004060                PluggableUSB()
 .text._Znwj    0x0000000000004084        0x8 /Users/npmac/Documents/GitHub/CC2025/makerWorkshopTest/build/core/core.a(new.cpp.o)
                0x0000000000004084                operator new(unsigned int)
 .text._ZdlPv   0x000000000000408c        0x8 /Users/npmac/Documents/GitHub/CC2025/makerWorkshopTest/build/core/core.a(new.cpp.o)
                0x000000000000408c                operator delete(void*)
 .text._ZN7Serial_13getDescriptorERN7arduino8USBSetupE
                0x0000000000004094        0x4 /Users/npmac/Documents/GitHub/CC2025/makerWorkshopTest/build/core/core.a(CDC.cpp.o)
                0x0000000000004094                Serial_::getDescriptor(arduino::USBSetup&)
 .text._ZL5utox8mPc
                0x0000000000004098       0x24 /Users/npmac/Documents/GitHub/CC2025/makerWorkshopTest/build/core/core.a(CDC.cpp.o)
 .text._ZN7Serial_12getShortNameEPc
                0x00000000000040bc       0x44 /Users/npmac/Documents/GitHub/CC2025/makerWorkshopTest/build/core/core.a(CDC.cpp.o)
                0x00000000000040bc                Serial_::getShortName(char*)
 .text._ZThn16_N7Serial_12getShortNameEPc
                0x0000000000004100       0x10 /Users/npmac/Documents/GitHub/CC2025/makerWorkshopTest/build/core/core.a(CDC.cpp.o)
                0x0000000000004100                non-virtual thunk to Serial_::getShortName(char*)
 .text._ZN7Serial_5beginEm
                0x0000000000004110        0x2 /Users/npmac/Documents/GitHub/CC2025/makerWorkshopTest/build/core/core.a(CDC.cpp.o)
                0x0000000000004110                Serial_::begin(unsigned long)
 .text._ZN7Serial_5beginEmt
                0x0000000000004112        0x2 /Users/npmac/Documents/GitHub/CC2025/makerWorkshopTest/build/core/core.a(CDC.cpp.o)
                0x0000000000004112                Serial_::begin(unsigned long, unsigned short)
 .text._ZN7Serial_17availableForWriteEv
                0x0000000000004114        0x4 /Users/npmac/Documents/GitHub/CC2025/makerWorkshopTest/build/core/core.a(CDC.cpp.o)
                0x0000000000004114                Serial_::availableForWrite()
 .text._ZN7Serial_5writeEh
                0x0000000000004118       0x14 /Users/npmac/Documents/GitHub/CC2025/makerWorkshopTest/build/core/core.a(CDC.cpp.o)
                0x0000000000004118                Serial_::write(unsigned char)
 .text._ZN7Serial_12getInterfaceEPh
                0x000000000000412c      0x11c /Users/npmac/Documents/GitHub/CC2025/makerWorkshopTest/build/core/core.a(CDC.cpp.o)
                0x000000000000412c                Serial_::getInterface(unsigned char*)
 .text._ZThn16_N7Serial_12getInterfaceEPh
                0x0000000000004248       0x10 /Users/npmac/Documents/GitHub/CC2025/makerWorkshopTest/build/core/core.a(CDC.cpp.o)
                0x0000000000004248                non-virtual thunk to Serial_::getInterface(unsigned char*)
 .text._ZN7Serial_5setupERN7arduino8USBSetupE
                0x0000000000004258       0x9c /Users/npmac/Documents/GitHub/CC2025/makerWorkshopTest/build/core/core.a(CDC.cpp.o)
                0x0000000000004258                Serial_::setup(arduino::USBSetup&)
 .text._ZThn16_N7Serial_5setupERN7arduino8USBSetupE
                0x00000000000042f4       0x10 /Users/npmac/Documents/GitHub/CC2025/makerWorkshopTest/build/core/core.a(CDC.cpp.o)
                0x00000000000042f4                non-virtual thunk to Serial_::setup(arduino::USBSetup&)
 .text._ZN7Serial_3endEv
                0x0000000000004304        0xe /Users/npmac/Documents/GitHub/CC2025/makerWorkshopTest/build/core/core.a(CDC.cpp.o)
                0x0000000000004304                Serial_::end()
 *fill*         0x0000000000004312        0x2 
 .text._ZN7Serial_9availableEv
                0x0000000000004314       0x20 /Users/npmac/Documents/GitHub/CC2025/makerWorkshopTest/build/core/core.a(CDC.cpp.o)
                0x0000000000004314                Serial_::available()
 .text._ZN7Serial_5flushEv
                0x0000000000004334        0xe /Users/npmac/Documents/GitHub/CC2025/makerWorkshopTest/build/core/core.a(CDC.cpp.o)
                0x0000000000004334                Serial_::flush()
 .text._ZN7Serial_5clearEv
                0x0000000000004342        0xe /Users/npmac/Documents/GitHub/CC2025/makerWorkshopTest/build/core/core.a(CDC.cpp.o)
                0x0000000000004342                Serial_::clear()
 .text._ZN7Serial_5writeEPKhj
                0x0000000000004350       0x1e /Users/npmac/Documents/GitHub/CC2025/makerWorkshopTest/build/core/core.a(CDC.cpp.o)
                0x0000000000004350                Serial_::write(unsigned char const*, unsigned int)
 *fill*         0x000000000000436e        0x2 
 .text._ZN7Serial_4peekEv
                0x0000000000004370       0x1c /Users/npmac/Documents/GitHub/CC2025/makerWorkshopTest/build/core/core.a(CDC.cpp.o)
                0x0000000000004370                Serial_::peek()
 .text._ZN7Serial_4readEv
                0x000000000000438c       0x24 /Users/npmac/Documents/GitHub/CC2025/makerWorkshopTest/build/core/core.a(CDC.cpp.o)
                0x000000000000438c                Serial_::read()
 .text._ZN7Serial_cvbEv
                0x00000000000043b0       0x26 /Users/npmac/Documents/GitHub/CC2025/makerWorkshopTest/build/core/core.a(CDC.cpp.o)
                0x00000000000043b0                Serial_::operator bool()
 .text._ZThn16_N7Serial_13getDescriptorERN7arduino8USBSetupE
                0x00000000000043d6        0x4 /Users/npmac/Documents/GitHub/CC2025/makerWorkshopTest/build/core/core.a(CDC.cpp.o)
                0x00000000000043d6                non-virtual thunk to Serial_::getDescriptor(arduino::USBSetup&)
 .text._ZN7Serial_14handleEndpointEi
                0x00000000000043da        0x2 /Users/npmac/Documents/GitHub/CC2025/makerWorkshopTest/build/core/core.a(CDC.cpp.o)
                0x00000000000043da                Serial_::handleEndpoint(int)
 .text._ZN7Serial_C2ER14USBDeviceClass
                0x00000000000043dc       0x5c /Users/npmac/Documents/GitHub/CC2025/makerWorkshopTest/build/core/core.a(CDC.cpp.o)
                0x00000000000043dc                Serial_::Serial_(USBDeviceClass&)
                0x00000000000043dc                Serial_::Serial_(USBDeviceClass&)
 .text._ZN7Serial_15enableInterruptEv
                0x0000000000004438       0x30 /Users/npmac/Documents/GitHub/CC2025/makerWorkshopTest/build/core/core.a(CDC.cpp.o)
                0x0000000000004438                Serial_::enableInterrupt()
 .text.startup._GLOBAL__sub_I__ZN7Serial_12getInterfaceEPh
                0x0000000000004468       0x14 /Users/npmac/Documents/GitHub/CC2025/makerWorkshopTest/build/core/core.a(CDC.cpp.o)
 .text          0x000000000000447c       0x14 /Users/npmac/Library/Arduino15/packages/arduino/tools/arm-none-eabi-gcc/7-2017q4/bin/../lib/gcc/arm-none-eabi/7.2.1/thumb/v6-m/libgcc.a(_thumb1_case_uqi.o)
                0x000000000000447c                __gnu_thumb1_case_uqi
 .text          0x0000000000004490      0x114 /Users/npmac/Library/Arduino15/packages/arduino/tools/arm-none-eabi-gcc/7-2017q4/bin/../lib/gcc/arm-none-eabi/7.2.1/thumb/v6-m/libgcc.a(_udivsi3.o)
                0x0000000000004490                __udivsi3
                0x0000000000004490                __aeabi_uidiv
                0x000000000000459c                __aeabi_uidivmod
 .text          0x00000000000045a4        0x4 /Users/npmac/Library/Arduino15/packages/arduino/tools/arm-none-eabi-gcc/7-2017q4/bin/../lib/gcc/arm-none-eabi/7.2.1/thumb/v6-m/libgcc.a(_dvmd_tls.o)
                0x00000000000045a4                __aeabi_ldiv0
                0x00000000000045a4                __aeabi_idiv0
 .text.__libc_init_array
                0x00000000000045a8       0x48 /Users/npmac/Library/Arduino15/packages/arduino/tools/arm-none-eabi-gcc/7-2017q4/bin/../lib/gcc/arm-none-eabi/7.2.1/../../../../arm-none-eabi/lib/thumb/v6-m/libc_nano.a(lib_a-init.o)
                0x00000000000045a8                __libc_init_array
 .text.malloc   0x00000000000045f0       0x14 /Users/npmac/Library/Arduino15/packages/arduino/tools/arm-none-eabi-gcc/7-2017q4/bin/../lib/gcc/arm-none-eabi/7.2.1/../../../../arm-none-eabi/lib/thumb/v6-m/libc_nano.a(lib_a-malloc.o)
                0x00000000000045f0                malloc
 .text.free     0x0000000000004604       0x14 /Users/npmac/Library/Arduino15/packages/arduino/tools/arm-none-eabi-gcc/7-2017q4/bin/../lib/gcc/arm-none-eabi/7.2.1/../../../../arm-none-eabi/lib/thumb/v6-m/libc_nano.a(lib_a-malloc.o)
                0x0000000000004604                free
 .text.memcpy   0x0000000000004618       0x12 /Users/npmac/Library/Arduino15/packages/arduino/tools/arm-none-eabi-gcc/7-2017q4/bin/../lib/gcc/arm-none-eabi/7.2.1/../../../../arm-none-eabi/lib/thumb/v6-m/libc_nano.a(lib_a-memcpy-stub.o)
                0x0000000000004618                memcpy
 .text.memset   0x000000000000462a       0x10 /Users/npmac/Library/Arduino15/packages/arduino/tools/arm-none-eabi-gcc/7-2017q4/bin/../lib/gcc/arm-none-eabi/7.2.1/../../../../arm-none-eabi/lib/thumb/v6-m/libc_nano.a(lib_a-memset.o)
                0x000000000000462a                memset
 *fill*         0x000000000000463a        0x2 
 .text._free_r  0x000000000000463c       0x94 /Users/npmac/Library/Arduino15/packages/arduino/tools/arm-none-eabi-gcc/7-2017q4/bin/../lib/gcc/arm-none-eabi/7.2.1/../../../../arm-none-eabi/lib/thumb/v6-m/libc_nano.a(lib_a-nano-freer.o)
                0x000000000000463c                _free_r
 .text._malloc_r
                0x00000000000046d0       0xbc /Users/npmac/Library/Arduino15/packages/arduino/tools/arm-none-eabi-gcc/7-2017q4/bin/../lib/gcc/arm-none-eabi/7.2.1/../../../../arm-none-eabi/lib/thumb/v6-m/libc_nano.a(lib_a-nano-mallocr.o)
                0x00000000000046d0                _malloc_r
 .text._sbrk_r  0x000000000000478c       0x24 /Users/npmac/Library/Arduino15/packages/arduino/tools/arm-none-eabi-gcc/7-2017q4/bin/../lib/gcc/arm-none-eabi/7.2.1/../../../../arm-none-eabi/lib/thumb/v6-m/libc_nano.a(lib_a-sbrkr.o)
                0x000000000000478c                _sbrk_r
 .text          0x00000000000047b0        0xe /Users/npmac/Library/Arduino15/packages/arduino/tools/arm-none-eabi-gcc/7-2017q4/bin/../lib/gcc/arm-none-eabi/7.2.1/../../../../arm-none-eabi/lib/thumb/v6-m/libc_nano.a(lib_a-strlen.o)
                0x00000000000047b0                strlen
 .text.__malloc_lock
                0x00000000000047be        0x2 /Users/npmac/Library/Arduino15/packages/arduino/tools/arm-none-eabi-gcc/7-2017q4/bin/../lib/gcc/arm-none-eabi/7.2.1/../../../../arm-none-eabi/lib/thumb/v6-m/libc_nano.a(lib_a-mlock.o)
                0x00000000000047be                __malloc_lock
 .text.__malloc_unlock
                0x00000000000047c0        0x2 /Users/npmac/Library/Arduino15/packages/arduino/tools/arm-none-eabi-gcc/7-2017q4/bin/../lib/gcc/arm-none-eabi/7.2.1/../../../../arm-none-eabi/lib/thumb/v6-m/libc_nano.a(lib_a-mlock.o)
                0x00000000000047c0                __malloc_unlock
 *fill*         0x00000000000047c2        0x2 
 .text._sbrk    0x00000000000047c4       0x1c /Users/npmac/Library/Arduino15/packages/arduino/tools/arm-none-eabi-gcc/7-2017q4/bin/../lib/gcc/arm-none-eabi/7.2.1/../../../../arm-none-eabi/lib/thumb/v6-m/libnosys.a(sbrk.o)
                0x00000000000047c4                _sbrk
 *(.init)
 .init          0x00000000000047e0        0x4 /Users/npmac/Library/Arduino15/packages/arduino/tools/arm-none-eabi-gcc/7-2017q4/bin/../lib/gcc/arm-none-eabi/7.2.1/thumb/v6-m/crti.o
                0x00000000000047e0                _init
 .init          0x00000000000047e4        0x8 /Users/npmac/Library/Arduino15/packages/arduino/tools/arm-none-eabi-gcc/7-2017q4/bin/../lib/gcc/arm-none-eabi/7.2.1/thumb/v6-m/crtn.o
 *(.fini)
 .fini          0x00000000000047ec        0x4 /Users/npmac/Library/Arduino15/packages/arduino/tools/arm-none-eabi-gcc/7-2017q4/bin/../lib/gcc/arm-none-eabi/7.2.1/thumb/v6-m/crti.o
                0x00000000000047ec                _fini
 .fini          0x00000000000047f0        0x8 /Users/npmac/Library/Arduino15/packages/arduino/tools/arm-none-eabi-gcc/7-2017q4/bin/../lib/gcc/arm-none-eabi/7.2.1/thumb/v6-m/crtn.o
 *crtbegin.o(.ctors)
 *crtbegin?.o(.ctors)
 *(EXCLUDE_FILE(*crtend.o *crtend?.o) .ctors)
 *(SORT_BY_NAME(.ctors.*))
 *(.ctors)
 *crtbegin.o(.dtors)
 *crtbegin?.o(.dtors)
 *(EXCLUDE_FILE(*crtend.o *crtend?.o) .dtors)
 *(SORT_BY_NAME(.dtors.*))
 *(.dtors)
 *(.rodata*)
 .rodata.g_APinDescription
                0x00000000000047f8      0x318 /Users/npmac/Documents/GitHub/CC2025/makerWorkshopTest/build/core/variant.cpp.o
                0x00000000000047f8                g_APinDescription
 .rodata._ZTV4Uart
                0x0000000000004b10       0x34 /Users/npmac/Documents/GitHub/CC2025/makerWorkshopTest/build/core/core.a(Uart.cpp.o)
                0x0000000000004b10                vtable for Uart
 .rodata._ZTV26DoubleBufferedEPOutHandler
                0x0000000000004b44       0x24 /Users/npmac/Documents/GitHub/CC2025/makerWorkshopTest/build/core/core.a(USBCore.cpp.o)
                0x0000000000004b44                vtable for DoubleBufferedEPOutHandler
 .rodata._ZL14STRING_PRODUCT
                0x0000000000004b68       0x14 /Users/npmac/Documents/GitHub/CC2025/makerWorkshopTest/build/core/core.a(USBCore.cpp.o)
 .rodata._ZL15STRING_LANGUAGE
                0x0000000000004b7c        0x4 /Users/npmac/Documents/GitHub/CC2025/makerWorkshopTest/build/core/core.a(USBCore.cpp.o)
 .rodata._ZL19STRING_MANUFACTURER
                0x0000000000004b80        0xc /Users/npmac/Documents/GitHub/CC2025/makerWorkshopTest/build/core/core.a(USBCore.cpp.o)
 .rodata._ZL21USB_DeviceDescriptorB
                0x0000000000004b8c       0x12 /Users/npmac/Documents/GitHub/CC2025/makerWorkshopTest/build/core/core.a(USBCore.cpp.o)
 *fill*         0x0000000000004b9e        0x2 
 .rodata        0x0000000000004ba0        0x8 /Users/npmac/Documents/GitHub/CC2025/makerWorkshopTest/build/core/core.a(CDC.cpp.o)
 .rodata._ZTV7Serial_
                0x0000000000004ba8       0x60 /Users/npmac/Documents/GitHub/CC2025/makerWorkshopTest/build/core/core.a(CDC.cpp.o)
                0x0000000000004ba8                vtable for Serial_
 *(.eh_frame*)
 .eh_frame      0x0000000000004c08        0x0 /Users/npmac/Library/Arduino15/packages/arduino/tools/arm-none-eabi-gcc/7-2017q4/bin/../lib/gcc/arm-none-eabi/7.2.1/thumb/v6-m/crtbegin.o
 .eh_frame      0x0000000000004c08        0x4 /Users/npmac/Library/Arduino15/packages/arduino/tools/arm-none-eabi-gcc/7-2017q4/bin/../lib/gcc/arm-none-eabi/7.2.1/thumb/v6-m/crtend.o

.glue_7         0x0000000000004c0c        0x0
 .glue_7        0x0000000000004c0c        0x0 linker stubs

.glue_7t        0x0000000000004c0c        0x0
 .glue_7t       0x0000000000004c0c        0x0 linker stubs

.vfp11_veneer   0x0000000000004c0c        0x0
 .vfp11_veneer  0x0000000000004c0c        0x0 linker stubs

.v4_bx          0x0000000000004c0c        0x0
 .v4_bx         0x0000000000004c0c        0x0 linker stubs

.iplt           0x0000000000004c0c        0x0
 .iplt          0x0000000000004c0c        0x0 /Users/npmac/Library/Arduino15/packages/arduino/tools/arm-none-eabi-gcc/7-2017q4/bin/../lib/gcc/arm-none-eabi/7.2.1/thumb/v6-m/crtbegin.o

.rel.dyn        0x0000000000004c0c        0x0
 .rel.iplt      0x0000000000004c0c        0x0 /Users/npmac/Library/Arduino15/packages/arduino/tools/arm-none-eabi-gcc/7-2017q4/bin/../lib/gcc/arm-none-eabi/7.2.1/thumb/v6-m/crtbegin.o

.ARM.extab
 *(.ARM.extab* .gnu.linkonce.armextab.*)
                0x0000000000004c0c                __exidx_start = .

.ARM.exidx
 *(.ARM.exidx* .gnu.linkonce.armexidx.*)
                0x0000000000004c0c                __exidx_end = .
                0x0000000000004c0c                __etext = .

.data           0x0000000020000000       0x88 load address 0x0000000000004c0c
                0x0000000020000000                __data_start__ = .
 *(vtable)
 *(.data*)
 .data.SystemCoreClock
                0x0000000020000000        0x4 /Users/npmac/Documents/GitHub/CC2025/makerWorkshopTest/build/core/core.a(wiring.c.o)
                0x0000000020000000                SystemCoreClock
 .data._ZL5ticks
                0x0000000020000004        0x4 /Users/npmac/Documents/GitHub/CC2025/makerWorkshopTest/build/core/core.a(Reset.cpp.o)
 .data._ZL10breakValue
                0x0000000020000008        0x4 /Users/npmac/Documents/GitHub/CC2025/makerWorkshopTest/build/core/core.a(CDC.cpp.o)
 .data._serialPeek
                0x000000002000000c        0x4 /Users/npmac/Documents/GitHub/CC2025/makerWorkshopTest/build/core/core.a(CDC.cpp.o)
                0x000000002000000c                _serialPeek
 .data._impure_ptr
                0x0000000020000010        0x4 /Users/npmac/Library/Arduino15/packages/arduino/tools/arm-none-eabi-gcc/7-2017q4/bin/../lib/gcc/arm-none-eabi/7.2.1/../../../../arm-none-eabi/lib/thumb/v6-m/libc_nano.a(lib_a-impure.o)
                0x0000000020000010                _impure_ptr
 .data.impure_data
                0x0000000020000014       0x60 /Users/npmac/Library/Arduino15/packages/arduino/tools/arm-none-eabi-gcc/7-2017q4/bin/../lib/gcc/arm-none-eabi/7.2.1/../../../../arm-none-eabi/lib/thumb/v6-m/libc_nano.a(lib_a-impure.o)
                0x0000000020000074                . = ALIGN (0x4)
                0x0000000020000074                PROVIDE (__preinit_array_start, .)
 *(.preinit_array)
                0x0000000020000074                PROVIDE (__preinit_array_end, .)
                0x0000000020000074                . = ALIGN (0x4)
                0x0000000020000074                PROVIDE (__init_array_start, .)
 *(SORT_BY_NAME(.init_array.*))
 *(.init_array)
 .init_array    0x0000000020000074        0x4 /Users/npmac/Library/Arduino15/packages/arduino/tools/arm-none-eabi-gcc/7-2017q4/bin/../lib/gcc/arm-none-eabi/7.2.1/thumb/v6-m/crtbegin.o
 .init_array    0x0000000020000078        0x4 /Users/npmac/Documents/GitHub/CC2025/makerWorkshopTest/build/core/variant.cpp.o
 .init_array    0x000000002000007c        0x4 /Users/npmac/Documents/GitHub/CC2025/makerWorkshopTest/build/core/core.a(USBCore.cpp.o)
 .init_array    0x0000000020000080        0x4 /Users/npmac/Documents/GitHub/CC2025/makerWorkshopTest/build/core/core.a(CDC.cpp.o)
                0x0000000020000084                PROVIDE (__init_array_end, .)
                0x0000000020000084                . = ALIGN (0x4)
                [!provide]                        PROVIDE (__fini_array_start, .)
 *(SORT_BY_NAME(.fini_array.*))
 *(.fini_array)
 .fini_array    0x0000000020000084        0x4 /Users/npmac/Library/Arduino15/packages/arduino/tools/arm-none-eabi-gcc/7-2017q4/bin/../lib/gcc/arm-none-eabi/7.2.1/thumb/v6-m/crtbegin.o
                [!provide]                        PROVIDE (__fini_array_end, .)
 *(.jcr*)
                0x0000000020000088                . = ALIGN (0x4)
                0x0000000020000088                __data_end__ = .

.igot.plt       0x0000000020000088        0x0 load address 0x0000000000004c94
 .igot.plt      0x0000000020000088        0x0 /Users/npmac/Library/Arduino15/packages/arduino/tools/arm-none-eabi-gcc/7-2017q4/bin/../lib/gcc/arm-none-eabi/7.2.1/thumb/v6-m/crtbegin.o

.bss            0x0000000020000088      0xd60 load address 0x0000000000004c94
                0x0000000020000088                . = ALIGN (0x4)
                0x0000000020000088                __bss_start__ = .
 *(.bss*)
 .bss           0x0000000020000088       0x1c /Users/npmac/Library/Arduino15/packages/arduino/tools/arm-none-eabi-gcc/7-2017q4/bin/../lib/gcc/arm-none-eabi/7.2.1/thumb/v6-m/crtbegin.o
 .bss.Serial1   0x00000000200000a4      0x244 /Users/npmac/Documents/GitHub/CC2025/makerWorkshopTest/build/core/variant.cpp.o
                0x00000000200000a4                Serial1
 .bss.Serial2   0x00000000200002e8      0x244 /Users/npmac/Documents/GitHub/CC2025/makerWorkshopTest/build/core/variant.cpp.o
                0x00000000200002e8                Serial2
 .bss.SerialHCI
                0x000000002000052c      0x244 /Users/npmac/Documents/GitHub/CC2025/makerWorkshopTest/build/core/variant.cpp.o
                0x000000002000052c                SerialHCI
 .bss.sercom0   0x0000000020000770        0x8 /Users/npmac/Documents/GitHub/CC2025/makerWorkshopTest/build/core/variant.cpp.o
                0x0000000020000770                sercom0
 .bss.sercom1   0x0000000020000778        0x8 /Users/npmac/Documents/GitHub/CC2025/makerWorkshopTest/build/core/variant.cpp.o
                0x0000000020000778                sercom1
 .bss.sercom2   0x0000000020000780        0x8 /Users/npmac/Documents/GitHub/CC2025/makerWorkshopTest/build/core/variant.cpp.o
                0x0000000020000780                sercom2
 .bss.sercom3   0x0000000020000788        0x8 /Users/npmac/Documents/GitHub/CC2025/makerWorkshopTest/build/core/variant.cpp.o
                0x0000000020000788                sercom3
 .bss.sercom4   0x0000000020000790        0x8 /Users/npmac/Documents/GitHub/CC2025/makerWorkshopTest/build/core/variant.cpp.o
                0x0000000020000790                sercom4
 .bss.sercom5   0x0000000020000798        0x8 /Users/npmac/Documents/GitHub/CC2025/makerWorkshopTest/build/core/variant.cpp.o
                0x0000000020000798                sercom5
 .bss.usb_isr   0x00000000200007a0        0x4 /Users/npmac/Documents/GitHub/CC2025/makerWorkshopTest/build/core/core.a(cortex_handlers.c.o)
 .bss._ulTickCount
                0x00000000200007a4        0x4 /Users/npmac/Documents/GitHub/CC2025/makerWorkshopTest/build/core/core.a(delay.c.o)
 .bss.EndPoints
                0x00000000200007a8       0x28 /Users/npmac/Documents/GitHub/CC2025/makerWorkshopTest/build/core/core.a(USBCore.cpp.o)
                0x00000000200007a8                EndPoints
 .bss.USBDevice
                0x00000000200007d0        0x1 /Users/npmac/Documents/GitHub/CC2025/makerWorkshopTest/build/core/core.a(USBCore.cpp.o)
                0x00000000200007d0                USBDevice
 *fill*         0x00000000200007d1        0x3 
 .bss._ZL10epHandlers
                0x00000000200007d4       0x1c /Users/npmac/Documents/GitHub/CC2025/makerWorkshopTest/build/core/core.a(USBCore.cpp.o)
 .bss._ZL14isEndpointHalt
                0x00000000200007f0        0x1 /Users/npmac/Documents/GitHub/CC2025/makerWorkshopTest/build/core/core.a(USBCore.cpp.o)
 .bss._ZL20LastTransmitTimedOut
                0x00000000200007f1        0x7 /Users/npmac/Documents/GitHub/CC2025/makerWorkshopTest/build/core/core.a(USBCore.cpp.o)
 .bss._ZL21isRemoteWakeUpEnabled
                0x00000000200007f8        0x1 /Users/npmac/Documents/GitHub/CC2025/makerWorkshopTest/build/core/core.a(USBCore.cpp.o)
 *fill*         0x00000000200007f9        0x3 
 .bss._ZL22udd_ep_in_cache_buffer
                0x00000000200007fc      0x1c0 /Users/npmac/Documents/GitHub/CC2025/makerWorkshopTest/build/core/core.a(USBCore.cpp.o)
 .bss._ZL23udd_ep_out_cache_buffer
                0x00000000200009bc      0x1c0 /Users/npmac/Documents/GitHub/CC2025/makerWorkshopTest/build/core/core.a(USBCore.cpp.o)
 .bss._dry_run  0x0000000020000b7c        0x1 /Users/npmac/Documents/GitHub/CC2025/makerWorkshopTest/build/core/core.a(USBCore.cpp.o)
                0x0000000020000b7c                _dry_run
 .bss._pack_buffer
                0x0000000020000b7d      0x100 /Users/npmac/Documents/GitHub/CC2025/makerWorkshopTest/build/core/core.a(USBCore.cpp.o)
                0x0000000020000b7d                _pack_buffer
 .bss._pack_message
                0x0000000020000c7d        0x1 /Users/npmac/Documents/GitHub/CC2025/makerWorkshopTest/build/core/core.a(USBCore.cpp.o)
                0x0000000020000c7d                _pack_message
 .bss._pack_size
                0x0000000020000c7e        0x2 /Users/npmac/Documents/GitHub/CC2025/makerWorkshopTest/build/core/core.a(USBCore.cpp.o)
                0x0000000020000c7e                _pack_size
 .bss._usbConfiguration
                0x0000000020000c80        0x4 /Users/npmac/Documents/GitHub/CC2025/makerWorkshopTest/build/core/core.a(USBCore.cpp.o)
                0x0000000020000c80                _usbConfiguration
 .bss._usbSetInterface
                0x0000000020000c84        0x4 /Users/npmac/Documents/GitHub/CC2025/makerWorkshopTest/build/core/core.a(USBCore.cpp.o)
                0x0000000020000c84                _usbSetInterface
 .bss.usbd      0x0000000020000c88      0x104 /Users/npmac/Documents/GitHub/CC2025/makerWorkshopTest/build/core/core.a(USBCore.cpp.o)
                0x0000000020000c88                usbd
 .bss._ZGVZ12PluggableUSBvE3obj
                0x0000000020000d8c        0x4 /Users/npmac/Documents/GitHub/CC2025/makerWorkshopTest/build/core/core.a(PluggableUSB.cpp.o)
 .bss._ZZ12PluggableUSBvE3obj
                0x0000000020000d90        0xc /Users/npmac/Documents/GitHub/CC2025/makerWorkshopTest/build/core/core.a(PluggableUSB.cpp.o)
 .bss.SerialUSB
                0x0000000020000d9c       0x3c /Users/npmac/Documents/GitHub/CC2025/makerWorkshopTest/build/core/core.a(CDC.cpp.o)
                0x0000000020000d9c                SerialUSB
 .bss.__malloc_free_list
                0x0000000020000dd8        0x4 /Users/npmac/Library/Arduino15/packages/arduino/tools/arm-none-eabi-gcc/7-2017q4/bin/../lib/gcc/arm-none-eabi/7.2.1/../../../../arm-none-eabi/lib/thumb/v6-m/libc_nano.a(lib_a-nano-mallocr.o)
                0x0000000020000dd8                __malloc_free_list
 .bss.__malloc_sbrk_start
                0x0000000020000ddc        0x4 /Users/npmac/Library/Arduino15/packages/arduino/tools/arm-none-eabi-gcc/7-2017q4/bin/../lib/gcc/arm-none-eabi/7.2.1/../../../../arm-none-eabi/lib/thumb/v6-m/libc_nano.a(lib_a-nano-mallocr.o)
                0x0000000020000ddc                __malloc_sbrk_start
 .bss.heap_end.4102
                0x0000000020000de0        0x4 /Users/npmac/Library/Arduino15/packages/arduino/tools/arm-none-eabi-gcc/7-2017q4/bin/../lib/gcc/arm-none-eabi/7.2.1/../../../../arm-none-eabi/lib/thumb/v6-m/libnosys.a(sbrk.o)
 *(COMMON)
 COMMON         0x0000000020000de4        0x4 /Users/npmac/Library/Arduino15/packages/arduino/tools/arm-none-eabi-gcc/7-2017q4/bin/../lib/gcc/arm-none-eabi/7.2.1/../../../../arm-none-eabi/lib/thumb/v6-m/libc_nano.a(lib_a-reent.o)
                0x0000000020000de4                errno
                0x0000000020000de8                . = ALIGN (0x4)
                0x0000000020000de8                __bss_end__ = .

.heap           0x0000000020000de8        0x0
                0x0000000020000de8                __end__ = .
                0x0000000020000de8                PROVIDE (end, .)
 *(.heap*)
                0x0000000020000de8                __HeapLimit = .

.stack_dummy    0x0000000020000de8        0x0
 *(.stack*)
                0x0000000020008000                __StackTop = (ORIGIN (RAM) + LENGTH (RAM))
                0x0000000020008000                __StackLimit = (__StackTop - SIZEOF (.stack_dummy))
                0x0000000020008000                PROVIDE (__stack, __StackTop)
                0x0000000020007fff                __ram_end__ = ((ORIGIN (RAM) + LENGTH (RAM)) - 0x1)
                0x0000000000000001                ASSERT ((__StackLimit >= __HeapLimit), region RAM overflowed with stack)
OUTPUT(/Users/npmac/Documents/GitHub/CC2025/makerWorkshopTest/build/makerWorkshopTest.ino.elf elf32-littlearm)

.ARM.attributes
                0x0000000000000000       0x28
 .ARM.attributes
                0x0000000000000000       0x1e /Users/npmac/Library/Arduino15/packages/arduino/tools/arm-none-eabi-gcc/7-2017q4/bin/../lib/gcc/arm-none-eabi/7.2.1/thumb/v6-m/crti.o
 .ARM.attributes
                0x000000000000001e       0x2c /Users/npmac/Library/Arduino15/packages/arduino/tools/arm-none-eabi-gcc/7-2017q4/bin/../lib/gcc/arm-none-eabi/7.2.1/thumb/v6-m/crtbegin.o
 .ARM.attributes
                0x000000000000004a       0x32 /Users/npmac/Documents/GitHub/CC2025/makerWorkshopTest/build/sketch/makerWorkshopTest.ino.cpp.o
 .ARM.attributes
                0x000000000000007c       0x32 /Users/npmac/Documents/GitHub/CC2025/makerWorkshopTest/build/core/variant.cpp.o
 .ARM.attributes
                0x00000000000000ae       0x32 /Users/npmac/Documents/GitHub/CC2025/makerWorkshopTest/build/core/core.a(SERCOM.cpp.o)
 .ARM.attributes
                0x00000000000000e0       0x32 /Users/npmac/Documents/GitHub/CC2025/makerWorkshopTest/build/core/core.a(Uart.cpp.o)
 .ARM.attributes
                0x0000000000000112       0x32 /Users/npmac/Documents/GitHub/CC2025/makerWorkshopTest/build/core/core.a(Print.cpp.o)
 .ARM.attributes
                0x0000000000000144       0x32 /Users/npmac/Documents/GitHub/CC2025/makerWorkshopTest/build/core/core.a(cortex_handlers.c.o)
 .ARM.attributes
                0x0000000000000176       0x32 /Users/npmac/Documents/GitHub/CC2025/makerWorkshopTest/build/core/core.a(delay.c.o)
 .ARM.attributes
                0x00000000000001a8       0x32 /Users/npmac/Documents/GitHub/CC2025/makerWorkshopTest/build/core/core.a(hooks.c.o)
 .ARM.attributes
                0x00000000000001da       0x32 /Users/npmac/Documents/GitHub/CC2025/makerWorkshopTest/build/core/core.a(main.cpp.o)
 .ARM.attributes
                0x000000000000020c       0x32 /Users/npmac/Documents/GitHub/CC2025/makerWorkshopTest/build/core/core.a(startup.c.o)
 .ARM.attributes
                0x000000000000023e       0x32 /Users/npmac/Documents/GitHub/CC2025/makerWorkshopTest/build/core/core.a(wiring.c.o)
 .ARM.attributes
                0x0000000000000270       0x32 /Users/npmac/Documents/GitHub/CC2025/makerWorkshopTest/build/core/core.a(wiring_analog.c.o)
 .ARM.attributes
                0x00000000000002a2       0x32 /Users/npmac/Documents/GitHub/CC2025/makerWorkshopTest/build/core/core.a(wiring_digital.c.o)
 .ARM.attributes
                0x00000000000002d4       0x32 /Users/npmac/Documents/GitHub/CC2025/makerWorkshopTest/build/core/core.a(wiring_private.c.o)
 .ARM.attributes
                0x0000000000000306       0x32 /Users/npmac/Documents/GitHub/CC2025/makerWorkshopTest/build/core/core.a(Reset.cpp.o)
 .ARM.attributes
                0x0000000000000338       0x32 /Users/npmac/Documents/GitHub/CC2025/makerWorkshopTest/build/core/core.a(USBCore.cpp.o)
 .ARM.attributes
                0x000000000000036a       0x32 /Users/npmac/Documents/GitHub/CC2025/makerWorkshopTest/build/core/core.a(PluggableUSB.cpp.o)
 .ARM.attributes
                0x000000000000039c       0x32 /Users/npmac/Documents/GitHub/CC2025/makerWorkshopTest/build/core/core.a(new.cpp.o)
 .ARM.attributes
                0x00000000000003ce       0x32 /Users/npmac/Documents/GitHub/CC2025/makerWorkshopTest/build/core/core.a(CDC.cpp.o)
 .ARM.attributes
                0x0000000000000400       0x1e /Users/npmac/Library/Arduino15/packages/arduino/tools/arm-none-eabi-gcc/7-2017q4/bin/../lib/gcc/arm-none-eabi/7.2.1/thumb/v6-m/libgcc.a(_thumb1_case_uqi.o)
 .ARM.attributes
                0x000000000000041e       0x1e /Users/npmac/Library/Arduino15/packages/arduino/tools/arm-none-eabi-gcc/7-2017q4/bin/../lib/gcc/arm-none-eabi/7.2.1/thumb/v6-m/libgcc.a(_udivsi3.o)
 .ARM.attributes
                0x000000000000043c       0x1e /Users/npmac/Library/Arduino15/packages/arduino/tools/arm-none-eabi-gcc/7-2017q4/bin/../lib/gcc/arm-none-eabi/7.2.1/thumb/v6-m/libgcc.a(_dvmd_tls.o)
 .ARM.attributes
                0x000000000000045a       0x2c /Users/npmac/Library/Arduino15/packages/arduino/tools/arm-none-eabi-gcc/7-2017q4/bin/../lib/gcc/arm-none-eabi/7.2.1/../../../../arm-none-eabi/lib/thumb/v6-m/libc_nano.a(lib_a-impure.o)
 .ARM.attributes
                0x0000000000000486       0x2c /Users/npmac/Library/Arduino15/packages/arduino/tools/arm-none-eabi-gcc/7-2017q4/bin/../lib/gcc/arm-none-eabi/7.2.1/../../../../arm-none-eabi/lib/thumb/v6-m/libc_nano.a(lib_a-init.o)
 .ARM.attributes
                0x00000000000004b2       0x2c /Users/npmac/Library/Arduino15/packages/arduino/tools/arm-none-eabi-gcc/7-2017q4/bin/../lib/gcc/arm-none-eabi/7.2.1/../../../../arm-none-eabi/lib/thumb/v6-m/libc_nano.a(lib_a-malloc.o)
 .ARM.attributes
                0x00000000000004de       0x2c /Users/npmac/Library/Arduino15/packages/arduino/tools/arm-none-eabi-gcc/7-2017q4/bin/../lib/gcc/arm-none-eabi/7.2.1/../../../../arm-none-eabi/lib/thumb/v6-m/libc_nano.a(lib_a-memcpy-stub.o)
 .ARM.attributes
                0x000000000000050a       0x2c /Users/npmac/Library/Arduino15/packages/arduino/tools/arm-none-eabi-gcc/7-2017q4/bin/../lib/gcc/arm-none-eabi/7.2.1/../../../../arm-none-eabi/lib/thumb/v6-m/libc_nano.a(lib_a-memset.o)
 .ARM.attributes
                0x0000000000000536       0x2c /Users/npmac/Library/Arduino15/packages/arduino/tools/arm-none-eabi-gcc/7-2017q4/bin/../lib/gcc/arm-none-eabi/7.2.1/../../../../arm-none-eabi/lib/thumb/v6-m/libc_nano.a(lib_a-nano-freer.o)
 .ARM.attributes
                0x0000000000000562       0x2c /Users/npmac/Library/Arduino15/packages/arduino/tools/arm-none-eabi-gcc/7-2017q4/bin/../lib/gcc/arm-none-eabi/7.2.1/../../../../arm-none-eabi/lib/thumb/v6-m/libc_nano.a(lib_a-nano-mallocr.o)
 .ARM.attributes
                0x000000000000058e       0x2c /Users/npmac/Library/Arduino15/packages/arduino/tools/arm-none-eabi-gcc/7-2017q4/bin/../lib/gcc/arm-none-eabi/7.2.1/../../../../arm-none-eabi/lib/thumb/v6-m/libc_nano.a(lib_a-sbrkr.o)
 .ARM.attributes
                0x00000000000005ba       0x1c /Users/npmac/Library/Arduino15/packages/arduino/tools/arm-none-eabi-gcc/7-2017q4/bin/../lib/gcc/arm-none-eabi/7.2.1/../../../../arm-none-eabi/lib/thumb/v6-m/libc_nano.a(lib_a-strlen.o)
 .ARM.attributes
                0x00000000000005d6       0x2c /Users/npmac/Library/Arduino15/packages/arduino/tools/arm-none-eabi-gcc/7-2017q4/bin/../lib/gcc/arm-none-eabi/7.2.1/../../../../arm-none-eabi/lib/thumb/v6-m/libc_nano.a(lib_a-mlock.o)
 .ARM.attributes
                0x0000000000000602       0x2c /Users/npmac/Library/Arduino15/packages/arduino/tools/arm-none-eabi-gcc/7-2017q4/bin/../lib/gcc/arm-none-eabi/7.2.1/../../../../arm-none-eabi/lib/thumb/v6-m/libc_nano.a(lib_a-reent.o)
 .ARM.attributes
                0x000000000000062e       0x2c /Users/npmac/Library/Arduino15/packages/arduino/tools/arm-none-eabi-gcc/7-2017q4/bin/../lib/gcc/arm-none-eabi/7.2.1/../../../../arm-none-eabi/lib/thumb/v6-m/libnosys.a(sbrk.o)
 .ARM.attributes
                0x000000000000065a       0x2c /Users/npmac/Library/Arduino15/packages/arduino/tools/arm-none-eabi-gcc/7-2017q4/bin/../lib/gcc/arm-none-eabi/7.2.1/thumb/v6-m/crtend.o
 .ARM.attributes
                0x0000000000000686       0x1e /Users/npmac/Library/Arduino15/packages/arduino/tools/arm-none-eabi-gcc/7-2017q4/bin/../lib/gcc/arm-none-eabi/7.2.1/thumb/v6-m/crtn.o

.comment        0x0000000000000000       0x7e
 .comment       0x0000000000000000       0x7e /Users/npmac/Documents/GitHub/CC2025/makerWorkshopTest/build/sketch/makerWorkshopTest.ino.cpp.o
                                         0x7f (size before relaxing)
 .comment       0x000000000000007e       0x7f /Users/npmac/Documents/GitHub/CC2025/makerWorkshopTest/build/core/variant.cpp.o
 .comment       0x000000000000007e       0x7f /Users/npmac/Documents/GitHub/CC2025/makerWorkshopTest/build/core/core.a(SERCOM.cpp.o)
 .comment       0x000000000000007e       0x7f /Users/npmac/Documents/GitHub/CC2025/makerWorkshopTest/build/core/core.a(Uart.cpp.o)
 .comment       0x000000000000007e       0x7f /Users/npmac/Documents/GitHub/CC2025/makerWorkshopTest/build/core/core.a(Print.cpp.o)
 .comment       0x000000000000007e       0x7f /Users/npmac/Documents/GitHub/CC2025/makerWorkshopTest/build/core/core.a(cortex_handlers.c.o)
 .comment       0x000000000000007e       0x7f /Users/npmac/Documents/GitHub/CC2025/makerWorkshopTest/build/core/core.a(delay.c.o)
 .comment       0x000000000000007e       0x7f /Users/npmac/Documents/GitHub/CC2025/makerWorkshopTest/build/core/core.a(hooks.c.o)
 .comment       0x000000000000007e       0x7f /Users/npmac/Documents/GitHub/CC2025/makerWorkshopTest/build/core/core.a(main.cpp.o)
 .comment       0x000000000000007e       0x7f /Users/npmac/Documents/GitHub/CC2025/makerWorkshopTest/build/core/core.a(startup.c.o)
 .comment       0x000000000000007e       0x7f /Users/npmac/Documents/GitHub/CC2025/makerWorkshopTest/build/core/core.a(wiring.c.o)
 .comment       0x000000000000007e       0x7f /Users/npmac/Documents/GitHub/CC2025/makerWorkshopTest/build/core/core.a(wiring_analog.c.o)
 .comment       0x000000000000007e       0x7f /Users/npmac/Documents/GitHub/CC2025/makerWorkshopTest/build/core/core.a(wiring_digital.c.o)
 .comment       0x000000000000007e       0x7f /Users/npmac/Documents/GitHub/CC2025/makerWorkshopTest/build/core/core.a(wiring_private.c.o)
 .comment       0x000000000000007e       0x7f /Users/npmac/Documents/GitHub/CC2025/makerWorkshopTest/build/core/core.a(Reset.cpp.o)
 .comment       0x000000000000007e       0x7f /Users/npmac/Documents/GitHub/CC2025/makerWorkshopTest/build/core/core.a(USBCore.cpp.o)
 .comment       0x000000000000007e       0x7f /Users/npmac/Documents/GitHub/CC2025/makerWorkshopTest/build/core/core.a(PluggableUSB.cpp.o)
 .comment       0x000000000000007e       0x7f /Users/npmac/Documents/GitHub/CC2025/makerWorkshopTest/build/core/core.a(new.cpp.o)
 .comment       0x000000000000007e       0x7f /Users/npmac/Documents/GitHub/CC2025/makerWorkshopTest/build/core/core.a(CDC.cpp.o)

.debug_info     0x0000000000000000    0x56566
 .debug_info    0x0000000000000000     0x5c0a /Users/npmac/Documents/GitHub/CC2025/makerWorkshopTest/build/sketch/makerWorkshopTest.ino.cpp.o
 .debug_info    0x0000000000005c0a     0x88cb /Users/npmac/Documents/GitHub/CC2025/makerWorkshopTest/build/core/variant.cpp.o
 .debug_info    0x000000000000e4d5     0x71a5 /Users/npmac/Documents/GitHub/CC2025/makerWorkshopTest/build/core/core.a(SERCOM.cpp.o)
 .debug_info    0x000000000001567a     0x7e2d /Users/npmac/Documents/GitHub/CC2025/makerWorkshopTest/build/core/core.a(Uart.cpp.o)
 .debug_info    0x000000000001d4a7     0x410d /Users/npmac/Documents/GitHub/CC2025/makerWorkshopTest/build/core/core.a(Print.cpp.o)
 .debug_info    0x00000000000215b4     0x110a /Users/npmac/Documents/GitHub/CC2025/makerWorkshopTest/build/core/core.a(cortex_handlers.c.o)
 .debug_info    0x00000000000226be     0x13d0 /Users/npmac/Documents/GitHub/CC2025/makerWorkshopTest/build/core/core.a(delay.c.o)
 .debug_info    0x0000000000023a8e       0x62 /Users/npmac/Documents/GitHub/CC2025/makerWorkshopTest/build/core/core.a(hooks.c.o)
 .debug_info    0x0000000000023af0     0x5cce /Users/npmac/Documents/GitHub/CC2025/makerWorkshopTest/build/core/core.a(main.cpp.o)
 .debug_info    0x00000000000297be     0x34f7 /Users/npmac/Documents/GitHub/CC2025/makerWorkshopTest/build/core/core.a(startup.c.o)
 .debug_info    0x000000000002ccb5     0x2d9e /Users/npmac/Documents/GitHub/CC2025/makerWorkshopTest/build/core/core.a(wiring.c.o)
 .debug_info    0x000000000002fa53     0x4f67 /Users/npmac/Documents/GitHub/CC2025/makerWorkshopTest/build/core/core.a(wiring_analog.c.o)
 .debug_info    0x00000000000349ba     0x1871 /Users/npmac/Documents/GitHub/CC2025/makerWorkshopTest/build/core/core.a(wiring_digital.c.o)
 .debug_info    0x000000000003622b     0x17fb /Users/npmac/Documents/GitHub/CC2025/makerWorkshopTest/build/core/core.a(wiring_private.c.o)
 .debug_info    0x0000000000037a26     0x6294 /Users/npmac/Documents/GitHub/CC2025/makerWorkshopTest/build/core/core.a(Reset.cpp.o)
 .debug_info    0x000000000003dcba     0xd93b /Users/npmac/Documents/GitHub/CC2025/makerWorkshopTest/build/core/core.a(USBCore.cpp.o)
 .debug_info    0x000000000004b5f5      0x684 /Users/npmac/Documents/GitHub/CC2025/makerWorkshopTest/build/core/core.a(PluggableUSB.cpp.o)
 .debug_info    0x000000000004bc79      0xf39 /Users/npmac/Documents/GitHub/CC2025/makerWorkshopTest/build/core/core.a(new.cpp.o)
 .debug_info    0x000000000004cbb2     0x99b4 /Users/npmac/Documents/GitHub/CC2025/makerWorkshopTest/build/core/core.a(CDC.cpp.o)

.debug_abbrev   0x0000000000000000     0x654f
 .debug_abbrev  0x0000000000000000      0x591 /Users/npmac/Documents/GitHub/CC2025/makerWorkshopTest/build/sketch/makerWorkshopTest.ino.cpp.o
 .debug_abbrev  0x0000000000000591      0x6be /Users/npmac/Documents/GitHub/CC2025/makerWorkshopTest/build/core/variant.cpp.o
 .debug_abbrev  0x0000000000000c4f      0x836 /Users/npmac/Documents/GitHub/CC2025/makerWorkshopTest/build/core/core.a(SERCOM.cpp.o)
 .debug_abbrev  0x0000000000001485      0x913 /Users/npmac/Documents/GitHub/CC2025/makerWorkshopTest/build/core/core.a(Uart.cpp.o)
 .debug_abbrev  0x0000000000001d98      0x72a /Users/npmac/Documents/GitHub/CC2025/makerWorkshopTest/build/core/core.a(Print.cpp.o)
 .debug_abbrev  0x00000000000024c2      0x29a /Users/npmac/Documents/GitHub/CC2025/makerWorkshopTest/build/core/core.a(cortex_handlers.c.o)
 .debug_abbrev  0x000000000000275c      0x33c /Users/npmac/Documents/GitHub/CC2025/makerWorkshopTest/build/core/core.a(delay.c.o)
 .debug_abbrev  0x0000000000002a98       0x49 /Users/npmac/Documents/GitHub/CC2025/makerWorkshopTest/build/core/core.a(hooks.c.o)
 .debug_abbrev  0x0000000000002ae1      0x5dd /Users/npmac/Documents/GitHub/CC2025/makerWorkshopTest/build/core/core.a(main.cpp.o)
 .debug_abbrev  0x00000000000030be      0x2ca /Users/npmac/Documents/GitHub/CC2025/makerWorkshopTest/build/core/core.a(startup.c.o)
 .debug_abbrev  0x0000000000003388      0x3a1 /Users/npmac/Documents/GitHub/CC2025/makerWorkshopTest/build/core/core.a(wiring.c.o)
 .debug_abbrev  0x0000000000003729      0x487 /Users/npmac/Documents/GitHub/CC2025/makerWorkshopTest/build/core/core.a(wiring_analog.c.o)
 .debug_abbrev  0x0000000000003bb0      0x339 /Users/npmac/Documents/GitHub/CC2025/makerWorkshopTest/build/core/core.a(wiring_digital.c.o)
 .debug_abbrev  0x0000000000003ee9      0x303 /Users/npmac/Documents/GitHub/CC2025/makerWorkshopTest/build/core/core.a(wiring_private.c.o)
 .debug_abbrev  0x00000000000041ec      0x671 /Users/npmac/Documents/GitHub/CC2025/makerWorkshopTest/build/core/core.a(Reset.cpp.o)
 .debug_abbrev  0x000000000000485d      0xc7b /Users/npmac/Documents/GitHub/CC2025/makerWorkshopTest/build/core/core.a(USBCore.cpp.o)
 .debug_abbrev  0x00000000000054d8      0x2b2 /Users/npmac/Documents/GitHub/CC2025/makerWorkshopTest/build/core/core.a(PluggableUSB.cpp.o)
 .debug_abbrev  0x000000000000578a      0x301 /Users/npmac/Documents/GitHub/CC2025/makerWorkshopTest/build/core/core.a(new.cpp.o)
 .debug_abbrev  0x0000000000005a8b      0xac4 /Users/npmac/Documents/GitHub/CC2025/makerWorkshopTest/build/core/core.a(CDC.cpp.o)

.debug_aranges  0x0000000000000000      0x950
 .debug_aranges
                0x0000000000000000       0x20 /Users/npmac/Documents/GitHub/CC2025/makerWorkshopTest/build/sketch/makerWorkshopTest.ino.cpp.o
 .debug_aranges
                0x0000000000000020       0x48 /Users/npmac/Documents/GitHub/CC2025/makerWorkshopTest/build/core/variant.cpp.o
 .debug_aranges
                0x0000000000000068      0x1f0 /Users/npmac/Documents/GitHub/CC2025/makerWorkshopTest/build/core/core.a(SERCOM.cpp.o)
 .debug_aranges
                0x0000000000000258       0xb8 /Users/npmac/Documents/GitHub/CC2025/makerWorkshopTest/build/core/core.a(Uart.cpp.o)
 .debug_aranges
                0x0000000000000310      0x130 /Users/npmac/Documents/GitHub/CC2025/makerWorkshopTest/build/core/core.a(Print.cpp.o)
 .debug_aranges
                0x0000000000000440       0x40 /Users/npmac/Documents/GitHub/CC2025/makerWorkshopTest/build/core/core.a(cortex_handlers.c.o)
 .debug_aranges
                0x0000000000000480       0x48 /Users/npmac/Documents/GitHub/CC2025/makerWorkshopTest/build/core/core.a(delay.c.o)
 .debug_aranges
                0x00000000000004c8       0x30 /Users/npmac/Documents/GitHub/CC2025/makerWorkshopTest/build/core/core.a(hooks.c.o)
 .debug_aranges
                0x00000000000004f8       0x28 /Users/npmac/Documents/GitHub/CC2025/makerWorkshopTest/build/core/core.a(main.cpp.o)
 .debug_aranges
                0x0000000000000520       0x20 /Users/npmac/Documents/GitHub/CC2025/makerWorkshopTest/build/core/core.a(startup.c.o)
 .debug_aranges
                0x0000000000000540       0x20 /Users/npmac/Documents/GitHub/CC2025/makerWorkshopTest/build/core/core.a(wiring.c.o)
 .debug_aranges
                0x0000000000000560       0x48 /Users/npmac/Documents/GitHub/CC2025/makerWorkshopTest/build/core/core.a(wiring_analog.c.o)
 .debug_aranges
                0x00000000000005a8       0x30 /Users/npmac/Documents/GitHub/CC2025/makerWorkshopTest/build/core/core.a(wiring_digital.c.o)
 .debug_aranges
                0x00000000000005d8       0x20 /Users/npmac/Documents/GitHub/CC2025/makerWorkshopTest/build/core/core.a(wiring_private.c.o)
 .debug_aranges
                0x00000000000005f8       0x38 /Users/npmac/Documents/GitHub/CC2025/makerWorkshopTest/build/core/core.a(Reset.cpp.o)
 .debug_aranges
                0x0000000000000630      0x190 /Users/npmac/Documents/GitHub/CC2025/makerWorkshopTest/build/core/core.a(USBCore.cpp.o)
 .debug_aranges
                0x00000000000007c0       0x48 /Users/npmac/Documents/GitHub/CC2025/makerWorkshopTest/build/core/core.a(PluggableUSB.cpp.o)
 .debug_aranges
                0x0000000000000808       0x28 /Users/npmac/Documents/GitHub/CC2025/makerWorkshopTest/build/core/core.a(new.cpp.o)
 .debug_aranges
                0x0000000000000830      0x120 /Users/npmac/Documents/GitHub/CC2025/makerWorkshopTest/build/core/core.a(CDC.cpp.o)

.debug_ranges   0x0000000000000000     0x13b8
 .debug_ranges  0x0000000000000000       0x10 /Users/npmac/Documents/GitHub/CC2025/makerWorkshopTest/build/sketch/makerWorkshopTest.ino.cpp.o
 .debug_ranges  0x0000000000000010       0x50 /Users/npmac/Documents/GitHub/CC2025/makerWorkshopTest/build/core/variant.cpp.o
 .debug_ranges  0x0000000000000060      0x2a0 /Users/npmac/Documents/GitHub/CC2025/makerWorkshopTest/build/core/core.a(SERCOM.cpp.o)
 .debug_ranges  0x0000000000000300      0x238 /Users/npmac/Documents/GitHub/CC2025/makerWorkshopTest/build/core/core.a(Uart.cpp.o)
 .debug_ranges  0x0000000000000538      0x198 /Users/npmac/Documents/GitHub/CC2025/makerWorkshopTest/build/core/core.a(Print.cpp.o)
 .debug_ranges  0x00000000000006d0       0x30 /Users/npmac/Documents/GitHub/CC2025/makerWorkshopTest/build/core/core.a(cortex_handlers.c.o)
 .debug_ranges  0x0000000000000700       0x38 /Users/npmac/Documents/GitHub/CC2025/makerWorkshopTest/build/core/core.a(delay.c.o)
 .debug_ranges  0x0000000000000738       0x20 /Users/npmac/Documents/GitHub/CC2025/makerWorkshopTest/build/core/core.a(hooks.c.o)
 .debug_ranges  0x0000000000000758       0x18 /Users/npmac/Documents/GitHub/CC2025/makerWorkshopTest/build/core/core.a(main.cpp.o)
 .debug_ranges  0x0000000000000770       0x10 /Users/npmac/Documents/GitHub/CC2025/makerWorkshopTest/build/core/core.a(startup.c.o)
 .debug_ranges  0x0000000000000780       0x28 /Users/npmac/Documents/GitHub/CC2025/makerWorkshopTest/build/core/core.a(wiring.c.o)
 .debug_ranges  0x00000000000007a8       0x98 /Users/npmac/Documents/GitHub/CC2025/makerWorkshopTest/build/core/core.a(wiring_analog.c.o)
 .debug_ranges  0x0000000000000840       0x20 /Users/npmac/Documents/GitHub/CC2025/makerWorkshopTest/build/core/core.a(wiring_digital.c.o)
 .debug_ranges  0x0000000000000860       0x38 /Users/npmac/Documents/GitHub/CC2025/makerWorkshopTest/build/core/core.a(wiring_private.c.o)
 .debug_ranges  0x0000000000000898       0x40 /Users/npmac/Documents/GitHub/CC2025/makerWorkshopTest/build/core/core.a(Reset.cpp.o)
 .debug_ranges  0x00000000000008d8      0x8b0 /Users/npmac/Documents/GitHub/CC2025/makerWorkshopTest/build/core/core.a(USBCore.cpp.o)
 .debug_ranges  0x0000000000001188       0x68 /Users/npmac/Documents/GitHub/CC2025/makerWorkshopTest/build/core/core.a(PluggableUSB.cpp.o)
 .debug_ranges  0x00000000000011f0       0x18 /Users/npmac/Documents/GitHub/CC2025/makerWorkshopTest/build/core/core.a(new.cpp.o)
 .debug_ranges  0x0000000000001208      0x1b0 /Users/npmac/Documents/GitHub/CC2025/makerWorkshopTest/build/core/core.a(CDC.cpp.o)

.debug_line     0x0000000000000000     0x8882
 .debug_line    0x0000000000000000      0x70a /Users/npmac/Documents/GitHub/CC2025/makerWorkshopTest/build/sketch/makerWorkshopTest.ino.cpp.o
 .debug_line    0x000000000000070a      0x7d1 /Users/npmac/Documents/GitHub/CC2025/makerWorkshopTest/build/core/variant.cpp.o
 .debug_line    0x0000000000000edb      0xd2e /Users/npmac/Documents/GitHub/CC2025/makerWorkshopTest/build/core/core.a(SERCOM.cpp.o)
 .debug_line    0x0000000000001c09      0xb0e /Users/npmac/Documents/GitHub/CC2025/makerWorkshopTest/build/core/core.a(Uart.cpp.o)
 .debug_line    0x0000000000002717      0x805 /Users/npmac/Documents/GitHub/CC2025/makerWorkshopTest/build/core/core.a(Print.cpp.o)
 .debug_line    0x0000000000002f1c      0x3a5 /Users/npmac/Documents/GitHub/CC2025/makerWorkshopTest/build/core/core.a(cortex_handlers.c.o)
 .debug_line    0x00000000000032c1      0x5ff /Users/npmac/Documents/GitHub/CC2025/makerWorkshopTest/build/core/core.a(delay.c.o)
 .debug_line    0x00000000000038c0       0xaa /Users/npmac/Documents/GitHub/CC2025/makerWorkshopTest/build/core/core.a(hooks.c.o)
 .debug_line    0x000000000000396a      0x706 /Users/npmac/Documents/GitHub/CC2025/makerWorkshopTest/build/core/core.a(main.cpp.o)
 .debug_line    0x0000000000004070      0x48b /Users/npmac/Documents/GitHub/CC2025/makerWorkshopTest/build/core/core.a(startup.c.o)
 .debug_line    0x00000000000044fb      0x5ed /Users/npmac/Documents/GitHub/CC2025/makerWorkshopTest/build/core/core.a(wiring.c.o)
 .debug_line    0x0000000000004ae8      0x703 /Users/npmac/Documents/GitHub/CC2025/makerWorkshopTest/build/core/core.a(wiring_analog.c.o)
 .debug_line    0x00000000000051eb      0x55a /Users/npmac/Documents/GitHub/CC2025/makerWorkshopTest/build/core/core.a(wiring_digital.c.o)
 .debug_line    0x0000000000005745      0x542 /Users/npmac/Documents/GitHub/CC2025/makerWorkshopTest/build/core/core.a(wiring_private.c.o)
 .debug_line    0x0000000000005c87      0x7d2 /Users/npmac/Documents/GitHub/CC2025/makerWorkshopTest/build/core/core.a(Reset.cpp.o)
 .debug_line    0x0000000000006459     0x1332 /Users/npmac/Documents/GitHub/CC2025/makerWorkshopTest/build/core/core.a(USBCore.cpp.o)
 .debug_line    0x000000000000778b      0x2a0 /Users/npmac/Documents/GitHub/CC2025/makerWorkshopTest/build/core/core.a(PluggableUSB.cpp.o)
 .debug_line    0x0000000000007a2b      0x352 /Users/npmac/Documents/GitHub/CC2025/makerWorkshopTest/build/core/core.a(new.cpp.o)
 .debug_line    0x0000000000007d7d      0xb05 /Users/npmac/Documents/GitHub/CC2025/makerWorkshopTest/build/core/core.a(CDC.cpp.o)

.debug_str      0x0000000000000000     0xa629
 .debug_str     0x0000000000000000     0x3dab /Users/npmac/Documents/GitHub/CC2025/makerWorkshopTest/build/sketch/makerWorkshopTest.ino.cpp.o
                                       0x4624 (size before relaxing)
 .debug_str     0x0000000000003dab      0xa15 /Users/npmac/Documents/GitHub/CC2025/makerWorkshopTest/build/core/variant.cpp.o
                                       0x52fd (size before relaxing)
 .debug_str     0x00000000000047c0      0x47d /Users/npmac/Documents/GitHub/CC2025/makerWorkshopTest/build/core/core.a(SERCOM.cpp.o)
                                       0x4aee (size before relaxing)
 .debug_str     0x0000000000004c3d      0xb45 /Users/npmac/Documents/GitHub/CC2025/makerWorkshopTest/build/core/core.a(Uart.cpp.o)
                                       0x556a (size before relaxing)
 .debug_str     0x0000000000005782      0x5ea /Users/npmac/Documents/GitHub/CC2025/makerWorkshopTest/build/core/core.a(Print.cpp.o)
                                       0x1c0f (size before relaxing)
 .debug_str     0x0000000000005d6c      0x4b9 /Users/npmac/Documents/GitHub/CC2025/makerWorkshopTest/build/core/core.a(cortex_handlers.c.o)
                                        0xf67 (size before relaxing)
 .debug_str     0x0000000000006225       0xf2 /Users/npmac/Documents/GitHub/CC2025/makerWorkshopTest/build/core/core.a(delay.c.o)
                                        0xe92 (size before relaxing)
 .debug_str     0x0000000000006317       0x72 /Users/npmac/Documents/GitHub/CC2025/makerWorkshopTest/build/core/core.a(hooks.c.o)
                                        0x131 (size before relaxing)
 .debug_str     0x0000000000006389       0x9b /Users/npmac/Documents/GitHub/CC2025/makerWorkshopTest/build/core/core.a(main.cpp.o)
                                       0x4678 (size before relaxing)
 .debug_str     0x0000000000006424      0x83c /Users/npmac/Documents/GitHub/CC2025/makerWorkshopTest/build/core/core.a(startup.c.o)
                                       0x16b6 (size before relaxing)
 .debug_str     0x0000000000006c60      0x19f /Users/npmac/Documents/GitHub/CC2025/makerWorkshopTest/build/core/core.a(wiring.c.o)
                                       0x1780 (size before relaxing)
 .debug_str     0x0000000000006dff      0x16d /Users/npmac/Documents/GitHub/CC2025/makerWorkshopTest/build/core/core.a(wiring_analog.c.o)
                                       0x1bff (size before relaxing)
 .debug_str     0x0000000000006f6c       0x8a /Users/npmac/Documents/GitHub/CC2025/makerWorkshopTest/build/core/core.a(wiring_digital.c.o)
                                        0xfe1 (size before relaxing)
 .debug_str     0x0000000000006ff6       0x76 /Users/npmac/Documents/GitHub/CC2025/makerWorkshopTest/build/core/core.a(wiring_private.c.o)
                                        0xf96 (size before relaxing)
 .debug_str     0x000000000000706c      0x199 /Users/npmac/Documents/GitHub/CC2025/makerWorkshopTest/build/core/core.a(Reset.cpp.o)
                                       0x48d3 (size before relaxing)
 .debug_str     0x0000000000007205     0x2c90 /Users/npmac/Documents/GitHub/CC2025/makerWorkshopTest/build/core/core.a(USBCore.cpp.o)
                                       0x813f (size before relaxing)
 .debug_str     0x0000000000009e95       0x87 /Users/npmac/Documents/GitHub/CC2025/makerWorkshopTest/build/core/core.a(PluggableUSB.cpp.o)
                                        0x60d (size before relaxing)
 .debug_str     0x0000000000009f1c       0x8b /Users/npmac/Documents/GitHub/CC2025/makerWorkshopTest/build/core/core.a(new.cpp.o)
                                        0x782 (size before relaxing)
 .debug_str     0x0000000000009fa7      0x682 /Users/npmac/Documents/GitHub/CC2025/makerWorkshopTest/build/core/core.a(CDC.cpp.o)
                                       0x790b (size before relaxing)

.debug_frame    0x0000000000000000     0x1918
 .debug_frame   0x0000000000000000       0x30 /Users/npmac/Documents/GitHub/CC2025/makerWorkshopTest/build/sketch/makerWorkshopTest.ino.cpp.o
 .debug_frame   0x0000000000000030       0xa0 /Users/npmac/Documents/GitHub/CC2025/makerWorkshopTest/build/core/variant.cpp.o
 .debug_frame   0x00000000000000d0      0x478 /Users/npmac/Documents/GitHub/CC2025/makerWorkshopTest/build/core/core.a(SERCOM.cpp.o)
 .debug_frame   0x0000000000000548      0x1e4 /Users/npmac/Documents/GitHub/CC2025/makerWorkshopTest/build/core/core.a(Uart.cpp.o)
 .debug_frame   0x000000000000072c      0x3cc /Users/npmac/Documents/GitHub/CC2025/makerWorkshopTest/build/core/core.a(Print.cpp.o)
 .debug_frame   0x0000000000000af8       0x7c /Users/npmac/Documents/GitHub/CC2025/makerWorkshopTest/build/core/core.a(cortex_handlers.c.o)
 .debug_frame   0x0000000000000b74       0xa0 /Users/npmac/Documents/GitHub/CC2025/makerWorkshopTest/build/core/core.a(delay.c.o)
 .debug_frame   0x0000000000000c14       0x40 /Users/npmac/Documents/GitHub/CC2025/makerWorkshopTest/build/core/core.a(hooks.c.o)
 .debug_frame   0x0000000000000c54       0x38 /Users/npmac/Documents/GitHub/CC2025/makerWorkshopTest/build/core/core.a(main.cpp.o)
 .debug_frame   0x0000000000000c8c       0x30 /Users/npmac/Documents/GitHub/CC2025/makerWorkshopTest/build/core/core.a(startup.c.o)
 .debug_frame   0x0000000000000cbc       0x28 /Users/npmac/Documents/GitHub/CC2025/makerWorkshopTest/build/core/core.a(wiring.c.o)
 .debug_frame   0x0000000000000ce4       0x90 /Users/npmac/Documents/GitHub/CC2025/makerWorkshopTest/build/core/core.a(wiring_analog.c.o)
 .debug_frame   0x0000000000000d74       0x64 /Users/npmac/Documents/GitHub/CC2025/makerWorkshopTest/build/core/core.a(wiring_digital.c.o)
 .debug_frame   0x0000000000000dd8       0x30 /Users/npmac/Documents/GitHub/CC2025/makerWorkshopTest/build/core/core.a(wiring_private.c.o)
 .debug_frame   0x0000000000000e08       0x60 /Users/npmac/Documents/GitHub/CC2025/makerWorkshopTest/build/core/core.a(Reset.cpp.o)
 .debug_frame   0x0000000000000e68      0x4b0 /Users/npmac/Documents/GitHub/CC2025/makerWorkshopTest/build/core/core.a(USBCore.cpp.o)
 .debug_frame   0x0000000000001318       0xbc /Users/npmac/Documents/GitHub/CC2025/makerWorkshopTest/build/core/core.a(PluggableUSB.cpp.o)
 .debug_frame   0x00000000000013d4       0x70 /Users/npmac/Documents/GitHub/CC2025/makerWorkshopTest/build/core/core.a(new.cpp.o)
 .debug_frame   0x0000000000001444      0x2e4 /Users/npmac/Documents/GitHub/CC2025/makerWorkshopTest/build/core/core.a(CDC.cpp.o)
 .debug_frame   0x0000000000001728       0x20 /Users/npmac/Library/Arduino15/packages/arduino/tools/arm-none-eabi-gcc/7-2017q4/bin/../lib/gcc/arm-none-eabi/7.2.1/thumb/v6-m/libgcc.a(_udivsi3.o)
 .debug_frame   0x0000000000001748       0x2c /Users/npmac/Library/Arduino15/packages/arduino/tools/arm-none-eabi-gcc/7-2017q4/bin/../lib/gcc/arm-none-eabi/7.2.1/../../../../arm-none-eabi/lib/thumb/v6-m/libc_nano.a(lib_a-init.o)
 .debug_frame   0x0000000000001774       0x40 /Users/npmac/Library/Arduino15/packages/arduino/tools/arm-none-eabi-gcc/7-2017q4/bin/../lib/gcc/arm-none-eabi/7.2.1/../../../../arm-none-eabi/lib/thumb/v6-m/libc_nano.a(lib_a-malloc.o)
 .debug_frame   0x00000000000017b4       0x28 /Users/npmac/Library/Arduino15/packages/arduino/tools/arm-none-eabi-gcc/7-2017q4/bin/../lib/gcc/arm-none-eabi/7.2.1/../../../../arm-none-eabi/lib/thumb/v6-m/libc_nano.a(lib_a-memcpy-stub.o)
 .debug_frame   0x00000000000017dc       0x20 /Users/npmac/Library/Arduino15/packages/arduino/tools/arm-none-eabi-gcc/7-2017q4/bin/../lib/gcc/arm-none-eabi/7.2.1/../../../../arm-none-eabi/lib/thumb/v6-m/libc_nano.a(lib_a-memset.o)
 .debug_frame   0x00000000000017fc       0x2c /Users/npmac/Library/Arduino15/packages/arduino/tools/arm-none-eabi-gcc/7-2017q4/bin/../lib/gcc/arm-none-eabi/7.2.1/../../../../arm-none-eabi/lib/thumb/v6-m/libc_nano.a(lib_a-nano-freer.o)
 .debug_frame   0x0000000000001828       0x2c /Users/npmac/Library/Arduino15/packages/arduino/tools/arm-none-eabi-gcc/7-2017q4/bin/../lib/gcc/arm-none-eabi/7.2.1/../../../../arm-none-eabi/lib/thumb/v6-m/libc_nano.a(lib_a-nano-mallocr.o)
 .debug_frame   0x0000000000001854       0x2c /Users/npmac/Library/Arduino15/packages/arduino/tools/arm-none-eabi-gcc/7-2017q4/bin/../lib/gcc/arm-none-eabi/7.2.1/../../../../arm-none-eabi/lib/thumb/v6-m/libc_nano.a(lib_a-sbrkr.o)
 .debug_frame   0x0000000000001880       0x30 /Users/npmac/Library/Arduino15/packages/arduino/tools/arm-none-eabi-gcc/7-2017q4/bin/../lib/gcc/arm-none-eabi/7.2.1/../../../../arm-none-eabi/lib/thumb/v6-m/libc_nano.a(lib_a-mlock.o)
 .debug_frame   0x00000000000018b0       0x48 /Users/npmac/Library/Arduino15/packages/arduino/tools/arm-none-eabi-gcc/7-2017q4/bin/../lib/gcc/arm-none-eabi/7.2.1/../../../../arm-none-eabi/lib/thumb/v6-m/libc_nano.a(lib_a-reent.o)
 .debug_frame   0x00000000000018f8       0x20 /Users/npmac/Library/Arduino15/packages/arduino/tools/arm-none-eabi-gcc/7-2017q4/bin/../lib/gcc/arm-none-eabi/7.2.1/../../../../arm-none-eabi/lib/thumb/v6-m/libnosys.a(sbrk.o)

.debug_loc      0x0000000000000000     0x6cc2
 .debug_loc     0x0000000000000000       0x2a /Users/npmac/Documents/GitHub/CC2025/makerWorkshopTest/build/core/variant.cpp.o